Archive member included to satisfy reference by file (symbol)

C:/MaximSDK/Libraries/PeriphDrivers/bin/MAX78000/softfp/libPeriphDriver_softfp.a(mxc_delay.o)
                              c:/Users/VAMercati/eclipse-workspace/mnist/build/main.o (MXC_Delay)
C:/MaximSDK/Libraries/PeriphDrivers/bin/MAX78000/softfp/libPeriphDriver_softfp.a(nvic_table.o)
                              c:/Users/VAMercati/eclipse-workspace/mnist/build/cnn.o (MXC_NVIC_SetVector)
C:/MaximSDK/Libraries/PeriphDrivers/bin/MAX78000/softfp/libPeriphDriver_softfp.a(pins_ai85.o)
                              c:/Users/VAMercati/eclipse-workspace/mnist/build/camera.o (gpio_cfg_pcif_xclk)
C:/MaximSDK/Libraries/PeriphDrivers/bin/MAX78000/softfp/libPeriphDriver_softfp.a(sys_ai85.o)
                              c:/Users/VAMercati/eclipse-workspace/mnist/build/cnn.o (MXC_SYS_ClockDisable)
C:/MaximSDK/Libraries/PeriphDrivers/bin/MAX78000/softfp/libPeriphDriver_softfp.a(aes_me17.o)
                              C:/MaximSDK/Libraries/PeriphDrivers/bin/MAX78000/softfp/libPeriphDriver_softfp.a(sys_ai85.o) (MXC_AES_Init)
C:/MaximSDK/Libraries/PeriphDrivers/bin/MAX78000/softfp/libPeriphDriver_softfp.a(aes_revb.o)
                              C:/MaximSDK/Libraries/PeriphDrivers/bin/MAX78000/softfp/libPeriphDriver_softfp.a(aes_me17.o) (MXC_AES_RevB_Init)
C:/MaximSDK/Libraries/PeriphDrivers/bin/MAX78000/softfp/libPeriphDriver_softfp.a(cameraif_ai85.o)
                              c:/Users/VAMercati/eclipse-workspace/mnist/build/camera.o (MXC_PCIF_Init)
C:/MaximSDK/Libraries/PeriphDrivers/bin/MAX78000/softfp/libPeriphDriver_softfp.a(cameraif_reva.o)
                              C:/MaximSDK/Libraries/PeriphDrivers/bin/MAX78000/softfp/libPeriphDriver_softfp.a(cameraif_ai85.o) (MXC_PCIF_RevA_SetDatawidth)
C:/MaximSDK/Libraries/PeriphDrivers/bin/MAX78000/softfp/libPeriphDriver_softfp.a(dma_me17.o)
                              C:/MaximSDK/Libraries/PeriphDrivers/bin/MAX78000/softfp/libPeriphDriver_softfp.a(aes_revb.o) (MXC_DMA_Init)
C:/MaximSDK/Libraries/PeriphDrivers/bin/MAX78000/softfp/libPeriphDriver_softfp.a(dma_reva.o)
                              C:/MaximSDK/Libraries/PeriphDrivers/bin/MAX78000/softfp/libPeriphDriver_softfp.a(dma_me17.o) (MXC_DMA_RevA_Init)
C:/MaximSDK/Libraries/PeriphDrivers/bin/MAX78000/softfp/libPeriphDriver_softfp.a(flc_me17.o)
                              C:/MaximSDK/Libraries/PeriphDrivers/bin/MAX78000/softfp/libPeriphDriver_softfp.a(sys_ai85.o) (MXC_FLC_UnlockInfoBlock)
C:/MaximSDK/Libraries/PeriphDrivers/bin/MAX78000/softfp/libPeriphDriver_softfp.a(flc_reva.o)
                              C:/MaximSDK/Libraries/PeriphDrivers/bin/MAX78000/softfp/libPeriphDriver_softfp.a(flc_me17.o) (MXC_FLC_RevA_Busy)
C:/MaximSDK/Libraries/PeriphDrivers/bin/MAX78000/softfp/libPeriphDriver_softfp.a(gpio_ai85.o)
                              c:/Users/VAMercati/eclipse-workspace/mnist/build/cnn.o (MXC_GPIO_Config)
C:/MaximSDK/Libraries/PeriphDrivers/bin/MAX78000/softfp/libPeriphDriver_softfp.a(gpio_reva.o)
                              C:/MaximSDK/Libraries/PeriphDrivers/bin/MAX78000/softfp/libPeriphDriver_softfp.a(gpio_ai85.o) (MXC_GPIO_RevA_InGet)
C:/MaximSDK/Libraries/PeriphDrivers/bin/MAX78000/softfp/libPeriphDriver_softfp.a(icc_me17.o)
                              c:/Users/VAMercati/eclipse-workspace/mnist/build/main.o (MXC_ICC_Enable)
C:/MaximSDK/Libraries/PeriphDrivers/bin/MAX78000/softfp/libPeriphDriver_softfp.a(icc_reva.o)
                              C:/MaximSDK/Libraries/PeriphDrivers/bin/MAX78000/softfp/libPeriphDriver_softfp.a(icc_me17.o) (MXC_ICC_RevA_ID)
C:/MaximSDK/Libraries/PeriphDrivers/bin/MAX78000/softfp/libPeriphDriver_softfp.a(pt_ai85.o)
                              c:/Users/VAMercati/eclipse-workspace/mnist/build/camera.o (MXC_PT_Init)
C:/MaximSDK/Libraries/PeriphDrivers/bin/MAX78000/softfp/libPeriphDriver_softfp.a(pt_reva.o)
                              C:/MaximSDK/Libraries/PeriphDrivers/bin/MAX78000/softfp/libPeriphDriver_softfp.a(pt_ai85.o) (MXC_PT_RevA_Init)
C:/MaximSDK/Libraries/PeriphDrivers/bin/MAX78000/softfp/libPeriphDriver_softfp.a(spi_me17.o)
                              c:/Users/VAMercati/eclipse-workspace/mnist/build/board.o (MXC_SPI_Init)
C:/MaximSDK/Libraries/PeriphDrivers/bin/MAX78000/softfp/libPeriphDriver_softfp.a(spi_reva1.o)
                              C:/MaximSDK/Libraries/PeriphDrivers/bin/MAX78000/softfp/libPeriphDriver_softfp.a(spi_me17.o) (MXC_SPI_RevA1_Init)
C:/MaximSDK/Libraries/PeriphDrivers/bin/MAX78000/softfp/libPeriphDriver_softfp.a(trng_revb.o)
                              C:/MaximSDK/Libraries/PeriphDrivers/bin/MAX78000/softfp/libPeriphDriver_softfp.a(aes_me17.o) (MXC_TRNG_RevB_GenerateKey)
C:/MaximSDK/Libraries/PeriphDrivers/bin/MAX78000/softfp/libPeriphDriver_softfp.a(tmr_ai85.o)
                              c:/Users/VAMercati/eclipse-workspace/mnist/build/cnn.o (MXC_TMR_SW_Start)
[...]
Memory Configuration

Name             Origin             Length             Attributes
ROM              0x00000000         0x00010000         xr
FLASH            0x10000000         0x00080000         xr
SRAM             0x20000000         0x00020000         xrw
*default*        0x00000000         0xffffffff

Linker script and memory map

LOAD c:/maximsdk/tools/gnutools/10.3/bin/../lib/gcc/arm-none-eabi/10.3.1/thumb/v7e-m+fp/softfp/crti.o
LOAD c:/maximsdk/tools/gnutools/10.3/bin/../lib/gcc/arm-none-eabi/10.3.1/thumb/v7e-m+fp/softfp/crtbegin.o
LOAD c:/maximsdk/tools/gnutools/10.3/bin/../lib/gcc/arm-none-eabi/10.3.1/../../../../arm-none-eabi/lib/thumb/v7e-m+fp/softfp/crt0.o
LOAD c:/Users/VAMercati/eclipse-workspace/mnist/build/backpropogation.o
LOAD c:/Users/VAMercati/eclipse-workspace/mnist/build/cnn.o
LOAD c:/Users/VAMercati/eclipse-workspace/mnist/build/main.o
LOAD c:/Users/VAMercati/eclipse-workspace/mnist/build/softmax.o
LOAD c:/Users/VAMercati/eclipse-workspace/mnist/build/weights.o
LOAD c:/Users/VAMercati/eclipse-workspace/mnist/build/board.o
LOAD c:/Users/VAMercati/eclipse-workspace/mnist/build/stdio.o
LOAD c:/Users/VAMercati/eclipse-workspace/mnist/build/led.o
LOAD c:/Users/VAMercati/eclipse-workspace/mnist/build/pb.o
LOAD c:/Users/VAMercati/eclipse-workspace/mnist/build/tft_ssd2119.o
LOAD c:/Users/VAMercati/eclipse-workspace/mnist/build/tsc2046.o
LOAD c:/Users/VAMercati/eclipse-workspace/mnist/build/camera.o
LOAD c:/Users/VAMercati/eclipse-workspace/mnist/build/ov7692.o
LOAD c:/Users/VAMercati/eclipse-workspace/mnist/build/sccb.o
LOAD c:/Users/VAMercati/eclipse-workspace/mnist/build/startup_max78000.o
LOAD c:/Users/VAMercati/eclipse-workspace/mnist/build/heap.o
LOAD c:/Users/VAMercati/eclipse-workspace/mnist/build/system_max78000.o
START GROUP
LOAD C:/MaximSDK/Libraries/PeriphDrivers/bin/MAX78000/softfp/libPeriphDriver_softfp.a
LOAD c:/maximsdk/tools/gnutools/10.3/bin/../lib/gcc/arm-none-eabi/10.3.1/../../../../arm-none-eabi/lib/thumb/v7e-m+fp/softfp\libc.a
LOAD c:/maximsdk/tools/gnutools/10.3/bin/../lib/gcc/arm-none-eabi/10.3.1/../../../../arm-none-eabi/lib/thumb/v7e-m+fp/softfp\libm.a
LOAD c:/maximsdk/tools/gnutools/10.3/bin/../lib/gcc/arm-none-eabi/10.3.1/../../../../arm-none-eabi/lib/thumb/v7e-m+fp/softfp\libnosys.a
END GROUP
START GROUP
LOAD c:/maximsdk/tools/gnutools/10.3/bin/../lib/gcc/arm-none-eabi/10.3.1/thumb/v7e-m+fp/softfp\libgcc.a
LOAD c:/maximsdk/tools/gnutools/10.3/bin/../lib/gcc/arm-none-eabi/10.3.1/../../../../arm-none-eabi/lib/thumb/v7e-m+fp/softfp\libc.a
END GROUP
LOAD c:/maximsdk/tools/gnutools/10.3/bin/../lib/gcc/arm-none-eabi/10.3.1/thumb/v7e-m+fp/softfp/crtend.o
LOAD c:/maximsdk/tools/gnutools/10.3/bin/../lib/gcc/arm-none-eabi/10.3.1/thumb/v7e-m+fp/softfp/crtn.o

.rom
 *(.rom_vector)
 *(.rom_handlers*)

.text           0x10000000     0xbca4
                0x10000000                _text = .
 *(.isr_vector)
 .isr_vector    0x10000000      0x1e0 c:/Users/VAMercati/eclipse-workspace/mnist/build/startup_max78000.o
                0x10000000                __isr_vector
 *(.text*)
 .text          0x100001e0       0x40 c:/maximsdk/tools/gnutools/10.3/bin/../lib/gcc/arm-none-eabi/10.3.1/thumb/v7e-m+fp/softfp/crtbegin.o
 .text.mod2     0x10000220      0x10c c:/Users/VAMercati/eclipse-workspace/mnist/build/backpropogation.o
                0x10000220                mod2
 .text.output_layer_3
                0x1000032c       0xf8 c:/Users/VAMercati/eclipse-workspace/mnist/build/backpropogation.o
                0x1000032c                output_layer_3
 .text.set_weights
                0x10000424      0x1c0 c:/Users/VAMercati/eclipse-workspace/mnist/build/backpropogation.o
                0x10000424                set_weights
 .text.get_weights
                0x100005e4      0x198 c:/Users/VAMercati/eclipse-workspace/mnist/build/backpropogation.o
                0x100005e4                get_weights
 .text.CNN_ISR  0x1000077c       0x50 c:/Users/VAMercati/eclipse-workspace/mnist/build/cnn.o
                0x1000077c                CNN_ISR
 .text.memcpy32
                0x100007cc       0x1c c:/Users/VAMercati/eclipse-workspace/mnist/build/cnn.o
                0x100007cc                memcpy32
 .text.cnn_load_weights
                0x100007e8       0x50 c:/Users/VAMercati/eclipse-workspace/mnist/build/cnn.o
                0x100007e8                cnn_load_weights
 .text.cnn_load_bias
                0x10000838       0x2c c:/Users/VAMercati/eclipse-workspace/mnist/build/cnn.o
                0x10000838                cnn_load_bias
 .text.cnn_init
                0x10000864       0x54 c:/Users/VAMercati/eclipse-workspace/mnist/build/cnn.o
                0x10000864                cnn_init
 .text.cnn_unload_frozen_layer
                0x100008b8       0x58 c:/Users/VAMercati/eclipse-workspace/mnist/build/cnn.o
                0x100008b8                cnn_unload_frozen_layer
 .text.cnn_configure_conv_layers
                0x10000910      0x4cc c:/Users/VAMercati/eclipse-workspace/mnist/build/cnn.o
                0x10000910                cnn_configure_conv_layers
 .text.cnn_start
                0x10000ddc       0x54 c:/Users/VAMercati/eclipse-workspace/mnist/build/cnn.o
                0x10000ddc                cnn_start
 .text.cnn_unload
                0x10000e30       0x3c c:/Users/VAMercati/eclipse-workspace/mnist/build/cnn.o
                0x10000e30                cnn_unload
 .text.cnn_stop_SMs
                0x10000e6c       0x30 c:/Users/VAMercati/eclipse-workspace/mnist/build/cnn.o
                0x10000e6c                cnn_stop_SMs
 .text.cnn_set_layer_count
                0x10000e9c       0x38 c:/Users/VAMercati/eclipse-workspace/mnist/build/cnn.o
                0x10000e9c                cnn_set_layer_count
 .text.cnn_config_layer
                0x10000ed4       0x18 c:/Users/VAMercati/eclipse-workspace/mnist/build/cnn.o
                0x10000ed4                cnn_config_layer
 .text.get_next_OS_layers
                0x10000eec       0x20 c:/Users/VAMercati/eclipse-workspace/mnist/build/cnn.o
                0x10000eec                get_next_OS_layers
 .text.cnn_enable
                0x10000f0c       0x3c c:/Users/VAMercati/eclipse-workspace/mnist/build/cnn.o
                0x10000f0c                cnn_enable
 .text.backward_pass
                0x10000f48       0xa8 c:/Users/VAMercati/eclipse-workspace/mnist/build/main.o
                0x10000f48                backward_pass
 .text.update_weights
                0x10000ff0       0xb0 c:/Users/VAMercati/eclipse-workspace/mnist/build/main.o
                0x10000ff0                update_weights
 .text.startup.main
                0x100010a0      0x464 c:/Users/VAMercati/eclipse-workspace/mnist/build/main.o
                0x100010a0                main
 .text.softmax_q17p14_q15
                0x10001504       0xa8 c:/Users/VAMercati/eclipse-workspace/mnist/build/softmax.o
                0x10001504                softmax_q17p14_q15
 .text.mxc_assert
                0x100015ac       0x10 c:/Users/VAMercati/eclipse-workspace/mnist/build/board.o
                0x100015ac                mxc_assert
 .text.GPIO2_IRQHandler
                0x100015bc        0x8 c:/Users/VAMercati/eclipse-workspace/mnist/build/board.o
                0x100015bc                GPIO2_IRQHandler
 .text.Board_Init
                0x100015c4       0xec c:/Users/VAMercati/eclipse-workspace/mnist/build/board.o
                0x100015c4                Board_Init
 .text.NMI_Handler
                0x100016b0        0x4 c:/Users/VAMercati/eclipse-workspace/mnist/build/board.o
                0x100016b0                NMI_Handler
 .text._close   0x100016b4        0x8 c:/Users/VAMercati/eclipse-workspace/mnist/build/stdio.o
                0x100016b4                _close
 .text._isatty  0x100016bc        0x8 c:/Users/VAMercati/eclipse-workspace/mnist/build/stdio.o
                0x100016bc                _isatty
 .text._lseek   0x100016c4        0x8 c:/Users/VAMercati/eclipse-workspace/mnist/build/stdio.o
                0x100016c4                _lseek
 .text._fstat   0x100016cc        0x8 c:/Users/VAMercati/eclipse-workspace/mnist/build/stdio.o
                0x100016cc                _fstat
 .text._read    0x100016d4       0x50 c:/Users/VAMercati/eclipse-workspace/mnist/build/stdio.o
                0x100016d4                _read
 .text._write   0x10001724       0x60 c:/Users/VAMercati/eclipse-workspace/mnist/build/stdio.o
                0x10001724                _write
 .text.LED_Init
                0x10001784       0x40 c:/Users/VAMercati/eclipse-workspace/mnist/build/led.o
                0x10001784                LED_Init
 .text.LED_On   0x100017c4       0x40 c:/Users/VAMercati/eclipse-workspace/mnist/build/led.o
                0x100017c4                LED_On
 .text.LED_Off  0x10001804       0x40 c:/Users/VAMercati/eclipse-workspace/mnist/build/led.o
                0x10001804                LED_Off
 .text.PB_Init  0x10001844       0x38 c:/Users/VAMercati/eclipse-workspace/mnist/build/pb.o
                0x10001844                PB_Init
 .text.MXC_TFT_PreInit
                0x1000187c       0x78 c:/Users/VAMercati/eclipse-workspace/mnist/build/tft_ssd2119.o
                0x1000187c                MXC_TFT_PreInit
 .text.MXC_TS_PreInit
                0x100018f4       0x44 c:/Users/VAMercati/eclipse-workspace/mnist/build/tsc2046.o
                0x100018f4                MXC_TS_PreInit
 .text          0x10001938      0x148 c:/Users/VAMercati/eclipse-workspace/mnist/build/startup_max78000.o
                0x10001938                Reset_Handler
                0x10001976                HardFault_Handler
                0x10001978                MemManage_Handler
                0x1000197a                BusFault_Handler
                0x1000197c                UsageFault_Handler
                0x1000197e                SVC_Handler
                0x10001980                DebugMon_Handler
                0x10001982                PendSV_Handler
                0x10001984                SysTick_Handler
                0x10001986                Default_Handler
                0x10001988                PF_IRQHandler
                0x1000198a                WDT0_IRQHandler
                0x1000198c                RSV02_IRQHandler
                0x1000198e                RTC_IRQHandler
                0x10001990                TRNG_IRQHandler
                0x10001992                TMR0_IRQHandler
                0x10001994                TMR1_IRQHandler
                0x10001996                TMR2_IRQHandler
                0x10001998                TMR3_IRQHandler
                0x1000199a                TMR4_IRQHandler
                0x1000199c                TMR5_IRQHandler
                0x1000199e                RSV11_IRQHandler
                0x100019a0                RSV12_IRQHandler
                0x100019a2                I2C0_IRQHandler
                0x100019a4                UART0_IRQHandler
                0x100019a6                UART1_IRQHandler
                0x100019a8                SPI1_IRQHandler
                0x100019aa                RSV17_IRQHandler
                0x100019ac                RSV18_IRQHandler
                0x100019ae                RSV19_IRQHandler
                0x100019b0                ADC_IRQHandler
                0x100019b2                RSV21_IRQHandler
                0x100019b4                RSV22_IRQHandler
                0x100019b6                FLC0_IRQHandler
                0x100019b8                GPIO0_IRQHandler
                0x100019ba                GPIO1_IRQHandler
                0x100019be                RSV27_IRQHandler
                0x100019c0                DMA0_IRQHandler
                0x100019c2                DMA1_IRQHandler
                0x100019c4                DMA2_IRQHandler
                0x100019c6                DMA3_IRQHandler
                0x100019c8                RSV32_IRQHandler
                0x100019ca                RSV33_IRQHandler
                0x100019cc                UART2_IRQHandler
                0x100019ce                RSV35_IRQHandler
                0x100019d0                I2C1_IRQHandler
                0x100019d2                RSV37_IRQHandler
                0x100019d4                RSV38_IRQHandler
                0x100019d6                RSV39_IRQHandler
                0x100019d8                RSV40_IRQHandler
                0x100019da                RSV41_IRQHandler
                0x100019dc                RSV42_IRQHandler
                0x100019de                RSV43_IRQHandler
                0x100019e0                RSV44_IRQHandler
                0x100019e2                RSV45_IRQHandler
                0x100019e4                RSV46_IRQHandler
                0x100019e6                RSV47_IRQHandler
                0x100019e8                RSV48_IRQHandler
                0x100019ea                RSV49_IRQHandler
                0x100019ec                RSV50_IRQHandler
                0x100019ee                RSV51_IRQHandler
                0x100019f0                RSV52_IRQHandler
                0x100019f2                WUT_IRQHandler
                0x100019f4                GPIOWAKE_IRQHandler
                0x100019f6                RSV55_IRQHandler
                0x100019f8                SPI0_IRQHandler
                0x100019fa                WDT1_IRQHandler
                0x100019fc                RSV58_IRQHandler
                0x100019fe                PT_IRQHandler
                0x10001a00                RSV60_IRQHandler
                0x10001a02                RSV61_IRQHandler
                0x10001a04                I2C2_IRQHandler
                0x10001a06                RISCV_IRQHandler
                0x10001a08                RSV64_IRQHandler
                0x10001a0a                RSV65_IRQHandler
                0x10001a0c                RSV66_IRQHandler
                0x10001a0e                OWM_IRQHandler
                0x10001a10                RSV68_IRQHandler
                0x10001a12                RSV69_IRQHandler
                0x10001a14                RSV70_IRQHandler
                0x10001a16                RSV71_IRQHandler
                0x10001a18                RSV72_IRQHandler
                0x10001a1a                RSV73_IRQHandler
                0x10001a1c                RSV74_IRQHandler
                0x10001a1e                RSV75_IRQHandler
                0x10001a20                RSV76_IRQHandler
                0x10001a22                RSV77_IRQHandler
                0x10001a24                RSV78_IRQHandler
                0x10001a26                RSV79_IRQHandler
                0x10001a28                RSV80_IRQHandler
                0x10001a2a                RSV81_IRQHandler
                0x10001a2c                ECC_IRQHandler
                0x10001a2e                DVS_IRQHandler
                0x10001a30                SIMO_IRQHandler
                0x10001a32                RSV85_IRQHandler
                0x10001a34                RSV86_IRQHandler
                0x10001a36                RSV87_IRQHandler
                0x10001a38                UART3_IRQHandler
                0x10001a3a                RSV89_IRQHandler
                0x10001a3c                RSV90_IRQHandler
                0x10001a3e                PCIF_IRQHandler
                0x10001a40                RSV92_IRQHandler
                0x10001a42                RSV93_IRQHandler
                0x10001a44                RSV94_IRQHandler
                0x10001a46                RSV95_IRQHandler
                0x10001a48                RSV96_IRQHandler
                0x10001a4a                AES_IRQHandler
                0x10001a4c                RSV98_IRQHandler
                0x10001a4e                I2S_IRQHandler
                0x10001a50                CNN_FIFO_IRQHandler
                0x10001a52                CNN_IRQHandler
                0x10001a54                RSV102_IRQHandler
                0x10001a56                LPCMP_IRQHandler
 .text._sbrk    0x10001a80       0x3c c:/Users/VAMercati/eclipse-workspace/mnist/build/heap.o
                0x10001a80                _sbrk
 .text.SystemCoreClockUpdate
                0x10001abc       0x68 c:/Users/VAMercati/eclipse-workspace/mnist/build/system_max78000.o
                0x10001abc                SystemCoreClockUpdate
 .text.PreInit  0x10001b24        0x4 c:/Users/VAMercati/eclipse-workspace/mnist/build/system_max78000.o
                0x10001b24                PreInit
 .text.SystemInit
                0x10001b28       0x38 c:/Users/VAMercati/eclipse-workspace/mnist/build/system_max78000.o
                0x10001b28                SystemInit
 .text.MXC_DelayInit
                0x10001b60       0x7c C:/MaximSDK/Libraries/PeriphDrivers/bin/MAX78000/softfp/libPeriphDriver_softfp.a(mxc_delay.o)
 .text.MXC_DelayAsync
                0x10001bdc       0x3c C:/MaximSDK/Libraries/PeriphDrivers/bin/MAX78000/softfp/libPeriphDriver_softfp.a(mxc_delay.o)
                0x10001bdc                MXC_DelayAsync
 .text.MXC_DelayCheck
                0x10001c18       0x70 C:/MaximSDK/Libraries/PeriphDrivers/bin/MAX78000/softfp/libPeriphDriver_softfp.a(mxc_delay.o)
                0x10001c18                MXC_DelayCheck
 .text.MXC_DelayAbort
                0x10001c88       0x34 C:/MaximSDK/Libraries/PeriphDrivers/bin/MAX78000/softfp/libPeriphDriver_softfp.a(mxc_delay.o)
                0x10001c88                MXC_DelayAbort
 .text.MXC_Delay
                0x10001cbc       0x74 C:/MaximSDK/Libraries/PeriphDrivers/bin/MAX78000/softfp/libPeriphDriver_softfp.a(mxc_delay.o)
                0x10001cbc                MXC_Delay
 .text.MXC_NVIC_SetVector
                0x10001d30       0x50 C:/MaximSDK/Libraries/PeriphDrivers/bin/MAX78000/softfp/libPeriphDriver_softfp.a(nvic_table.o)
                0x10001d30                MXC_NVIC_SetVector
 .text.MXC_SYS_ClockDisable
                0x10001d80       0x44 C:/MaximSDK/Libraries/PeriphDrivers/bin/MAX78000/softfp/libPeriphDriver_softfp.a(sys_ai85.o)
                0x10001d80                MXC_SYS_ClockDisable
 .text.MXC_SYS_ClockEnable
                0x10001dc4       0x4c C:/MaximSDK/Libraries/PeriphDrivers/bin/MAX78000/softfp/libPeriphDriver_softfp.a(sys_ai85.o)
                0x10001dc4                MXC_SYS_ClockEnable
 .text.MXC_SYS_ClockSourceEnable
                0x10001e10       0xf4 C:/MaximSDK/Libraries/PeriphDrivers/bin/MAX78000/softfp/libPeriphDriver_softfp.a(sys_ai85.o)
                0x10001e10                MXC_SYS_ClockSourceEnable
 .text.MXC_SYS_Clock_Select
                0x10001f04      0x194 C:/MaximSDK/Libraries/PeriphDrivers/bin/MAX78000/softfp/libPeriphDriver_softfp.a(sys_ai85.o)
                0x10001f04                MXC_SYS_Clock_Select
 .text.MXC_SYS_Reset_Periph
                0x10002098       0x50 C:/MaximSDK/Libraries/PeriphDrivers/bin/MAX78000/softfp/libPeriphDriver_softfp.a(sys_ai85.o)
                0x10002098                MXC_SYS_Reset_Periph
 .text.MXC_GPIO_Init
                0x100020e8       0x40 C:/MaximSDK/Libraries/PeriphDrivers/bin/MAX78000/softfp/libPeriphDriver_softfp.a(gpio_ai85.o)
                0x100020e8                MXC_GPIO_Init
 .text.MXC_GPIO_Config
                0x10002128      0x210 C:/MaximSDK/Libraries/PeriphDrivers/bin/MAX78000/softfp/libPeriphDriver_softfp.a(gpio_ai85.o)
                0x10002128                MXC_GPIO_Config
 .text.MXC_GPIO_OutSet
                0x10002338       0x30 C:/MaximSDK/Libraries/PeriphDrivers/bin/MAX78000/softfp/libPeriphDriver_softfp.a(gpio_ai85.o)
                0x10002338                MXC_GPIO_OutSet
 .text.MXC_GPIO_OutClr
                0x10002368       0x34 C:/MaximSDK/Libraries/PeriphDrivers/bin/MAX78000/softfp/libPeriphDriver_softfp.a(gpio_ai85.o)
                0x10002368                MXC_GPIO_OutClr
 .text.MXC_GPIO_Handler
                0x1000239c        0x4 C:/MaximSDK/Libraries/PeriphDrivers/bin/MAX78000/softfp/libPeriphDriver_softfp.a(gpio_ai85.o)
                0x1000239c                MXC_GPIO_Handler
 .text.MXC_GPIO_ClearFlags
                0x100023a0       0x18 C:/MaximSDK/Libraries/PeriphDrivers/bin/MAX78000/softfp/libPeriphDriver_softfp.a(gpio_ai85.o)
                0x100023a0                MXC_GPIO_ClearFlags
 .text.MXC_GPIO_GetFlags
                0x100023b8       0x18 C:/MaximSDK/Libraries/PeriphDrivers/bin/MAX78000/softfp/libPeriphDriver_softfp.a(gpio_ai85.o)
                0x100023b8                MXC_GPIO_GetFlags
 .text.MXC_GPIO_RevA_OutSet
                0x100023d0        0x4 C:/MaximSDK/Libraries/PeriphDrivers/bin/MAX78000/softfp/libPeriphDriver_softfp.a(gpio_reva.o)
                0x100023d0                MXC_GPIO_RevA_OutSet
 .text.MXC_GPIO_RevA_OutClr
                0x100023d4        0x4 C:/MaximSDK/Libraries/PeriphDrivers/bin/MAX78000/softfp/libPeriphDriver_softfp.a(gpio_reva.o)
                0x100023d4                MXC_GPIO_RevA_OutClr
 .text.MXC_GPIO_RevA_ClearFlags
                0x100023d8        0x4 C:/MaximSDK/Libraries/PeriphDrivers/bin/MAX78000/softfp/libPeriphDriver_softfp.a(gpio_reva.o)
                0x100023d8                MXC_GPIO_RevA_ClearFlags
 .text.MXC_GPIO_RevA_GetFlags
                0x100023dc        0x4 C:/MaximSDK/Libraries/PeriphDrivers/bin/MAX78000/softfp/libPeriphDriver_softfp.a(gpio_reva.o)
                0x100023dc                MXC_GPIO_RevA_GetFlags
 .text.MXC_GPIO_RevA_SetVSSEL
                0x100023e0       0x30 C:/MaximSDK/Libraries/PeriphDrivers/bin/MAX78000/softfp/libPeriphDriver_softfp.a(gpio_reva.o)
                0x100023e0                MXC_GPIO_RevA_SetVSSEL
 .text.MXC_GPIO_RevA_SetAF
                0x10002410       0x6c C:/MaximSDK/Libraries/PeriphDrivers/bin/MAX78000/softfp/libPeriphDriver_softfp.a(gpio_reva.o)
                0x10002410                MXC_GPIO_RevA_SetAF
 .text.MXC_ICC_Enable
                0x1000247c        0x4 C:/MaximSDK/Libraries/PeriphDrivers/bin/MAX78000/softfp/libPeriphDriver_softfp.a(icc_me17.o)
                0x1000247c                MXC_ICC_Enable
 .text.MXC_ICC_RevA_Enable
                0x10002480       0x30 C:/MaximSDK/Libraries/PeriphDrivers/bin/MAX78000/softfp/libPeriphDriver_softfp.a(icc_reva.o)
                0x10002480                MXC_ICC_RevA_Enable
 .text.MXC_TMR_Init
                0x100024b0      0x314 C:/MaximSDK/Libraries/PeriphDrivers/bin/MAX78000/softfp/libPeriphDriver_softfp.a(tmr_ai85.o)
                0x100024b0                MXC_TMR_Init
 .text.MXC_TMR_Start
                0x100027c4        0x4 C:/MaximSDK/Libraries/PeriphDrivers/bin/MAX78000/softfp/libPeriphDriver_softfp.a(tmr_ai85.o)
                0x100027c4                MXC_TMR_Start
 .text.MXC_TMR_Stop
                0x100027c8        0x4 C:/MaximSDK/Libraries/PeriphDrivers/bin/MAX78000/softfp/libPeriphDriver_softfp.a(tmr_ai85.o)
                0x100027c8                MXC_TMR_Stop
 .text.MXC_TMR_ClearFlags
                0x100027cc        0x4 C:/MaximSDK/Libraries/PeriphDrivers/bin/MAX78000/softfp/libPeriphDriver_softfp.a(tmr_ai85.o)
                0x100027cc                MXC_TMR_ClearFlags
 .text.MXC_TMR_SetCount
                0x100027d0        0x4 C:/MaximSDK/Libraries/PeriphDrivers/bin/MAX78000/softfp/libPeriphDriver_softfp.a(tmr_ai85.o)
                0x100027d0                MXC_TMR_SetCount
 .text.MXC_TMR_TO_Start
                0x100027d4        0x4 C:/MaximSDK/Libraries/PeriphDrivers/bin/MAX78000/softfp/libPeriphDriver_softfp.a(tmr_ai85.o)
                0x100027d4                MXC_TMR_TO_Start
 .text.MXC_TMR_TO_Stop
                0x100027d8        0x4 C:/MaximSDK/Libraries/PeriphDrivers/bin/MAX78000/softfp/libPeriphDriver_softfp.a(tmr_ai85.o)
                0x100027d8                MXC_TMR_TO_Stop
 .text.MXC_TMR_TO_Elapsed
                0x100027dc        0x4 C:/MaximSDK/Libraries/PeriphDrivers/bin/MAX78000/softfp/libPeriphDriver_softfp.a(tmr_ai85.o)
                0x100027dc                MXC_TMR_TO_Elapsed
 .text.MXC_TMR_SW_Start
                0x100027e0        0x4 C:/MaximSDK/Libraries/PeriphDrivers/bin/MAX78000/softfp/libPeriphDriver_softfp.a(tmr_ai85.o)
                0x100027e0                MXC_TMR_SW_Start
 .text.MXC_TMR_SW_Stop
                0x100027e4        0x4 C:/MaximSDK/Libraries/PeriphDrivers/bin/MAX78000/softfp/libPeriphDriver_softfp.a(tmr_ai85.o)
                0x100027e4                MXC_TMR_SW_Stop
 .text.MXC_TMR_GetTime
                0x100027e8        0x4 C:/MaximSDK/Libraries/PeriphDrivers/bin/MAX78000/softfp/libPeriphDriver_softfp.a(tmr_ai85.o)
                0x100027e8                MXC_TMR_GetTime
 .text.MXC_TMR_RevB_SetClockSourceFreq
                0x100027ec       0x7c C:/MaximSDK/Libraries/PeriphDrivers/bin/MAX78000/softfp/libPeriphDriver_softfp.a(tmr_revb.o)
                0x100027ec                MXC_TMR_RevB_SetClockSourceFreq
 .text.MXC_TMR_RevB_GetClockSourceFreq
                0x10002868       0x80 C:/MaximSDK/Libraries/PeriphDrivers/bin/MAX78000/softfp/libPeriphDriver_softfp.a(tmr_revb.o)
                0x10002868                MXC_TMR_RevB_GetClockSourceFreq
 .text.MXC_TMR_RevB_ConfigGeneric
                0x100028e8       0xe8 C:/MaximSDK/Libraries/PeriphDrivers/bin/MAX78000/softfp/libPeriphDriver_softfp.a(tmr_revb.o)
                0x100028e8                MXC_TMR_RevB_ConfigGeneric
 .text.MXC_TMR_RevB_Init
                0x100029d0       0xc8 C:/MaximSDK/Libraries/PeriphDrivers/bin/MAX78000/softfp/libPeriphDriver_softfp.a(tmr_revb.o)
                0x100029d0                MXC_TMR_RevB_Init
 .text.MXC_TMR_RevB_Start
                0x10002a98       0x5c C:/MaximSDK/Libraries/PeriphDrivers/bin/MAX78000/softfp/libPeriphDriver_softfp.a(tmr_revb.o)
                0x10002a98                MXC_TMR_RevB_Start
 .text.MXC_TMR_RevB_Stop
                0x10002af4       0x58 C:/MaximSDK/Libraries/PeriphDrivers/bin/MAX78000/softfp/libPeriphDriver_softfp.a(tmr_revb.o)
                0x10002af4                MXC_TMR_RevB_Stop
 .text.MXC_TMR_RevB_ClearFlags
                0x10002b4c       0x58 C:/MaximSDK/Libraries/PeriphDrivers/bin/MAX78000/softfp/libPeriphDriver_softfp.a(tmr_revb.o)
                0x10002b4c                MXC_TMR_RevB_ClearFlags
 .text.MXC_TMR_RevB_SetCount
                0x10002ba4       0x5c C:/MaximSDK/Libraries/PeriphDrivers/bin/MAX78000/softfp/libPeriphDriver_softfp.a(tmr_revb.o)
                0x10002ba4                MXC_TMR_RevB_SetCount
 .text.MXC_TMR_RevB_TO_Start
                0x10002c00       0xe4 C:/MaximSDK/Libraries/PeriphDrivers/bin/MAX78000/softfp/libPeriphDriver_softfp.a(tmr_revb.o)
                0x10002c00                MXC_TMR_RevB_TO_Start
 .text.MXC_TMR_RevB_GetTime
                0x10002ce4      0x148 C:/MaximSDK/Libraries/PeriphDrivers/bin/MAX78000/softfp/libPeriphDriver_softfp.a(tmr_revb.o)
                0x10002ce4                MXC_TMR_RevB_GetTime
 .text.MXC_UART_Shutdown
                0x10002e2c       0x70 C:/MaximSDK/Libraries/PeriphDrivers/bin/MAX78000/softfp/libPeriphDriver_softfp.a(uart_ai85.o)
                0x10002e2c                MXC_UART_Shutdown
 .text.MXC_UART_Init
                0x10002e9c       0xb8 C:/MaximSDK/Libraries/PeriphDrivers/bin/MAX78000/softfp/libPeriphDriver_softfp.a(uart_ai85.o)
                0x10002e9c                MXC_UART_Init
 .text.MXC_UART_SetFrequency
                0x10002f54       0xcc C:/MaximSDK/Libraries/PeriphDrivers/bin/MAX78000/softfp/libPeriphDriver_softfp.a(uart_ai85.o)
                0x10002f54                MXC_UART_SetFrequency
 .text.MXC_UART_GetFrequency
                0x10003020       0x54 C:/MaximSDK/Libraries/PeriphDrivers/bin/MAX78000/softfp/libPeriphDriver_softfp.a(uart_ai85.o)
                0x10003020                MXC_UART_GetFrequency
 .text.MXC_UART_SetDataSize
                0x10003074        0x4 C:/MaximSDK/Libraries/PeriphDrivers/bin/MAX78000/softfp/libPeriphDriver_softfp.a(uart_ai85.o)
                0x10003074                MXC_UART_SetDataSize
 .text.MXC_UART_SetStopBits
                0x10003078        0x4 C:/MaximSDK/Libraries/PeriphDrivers/bin/MAX78000/softfp/libPeriphDriver_softfp.a(uart_ai85.o)
                0x10003078                MXC_UART_SetStopBits
 .text.MXC_UART_SetParity
                0x1000307c        0x4 C:/MaximSDK/Libraries/PeriphDrivers/bin/MAX78000/softfp/libPeriphDriver_softfp.a(uart_ai85.o)
                0x1000307c                MXC_UART_SetParity
 .text.MXC_UART_ReadCharacterRaw
                0x10003080        0x4 C:/MaximSDK/Libraries/PeriphDrivers/bin/MAX78000/softfp/libPeriphDriver_softfp.a(uart_ai85.o)
                0x10003080                MXC_UART_ReadCharacterRaw
 .text.MXC_UART_WriteCharacterRaw
                0x10003084        0x4 C:/MaximSDK/Libraries/PeriphDrivers/bin/MAX78000/softfp/libPeriphDriver_softfp.a(uart_ai85.o)
                0x10003084                MXC_UART_WriteCharacterRaw
 .text.MXC_UART_ReadCharacter
                0x10003088        0x4 C:/MaximSDK/Libraries/PeriphDrivers/bin/MAX78000/softfp/libPeriphDriver_softfp.a(uart_ai85.o)
                0x10003088                MXC_UART_ReadCharacter
 .text.MXC_UART_WriteCharacter
                0x1000308c        0x4 C:/MaximSDK/Libraries/PeriphDrivers/bin/MAX78000/softfp/libPeriphDriver_softfp.a(uart_ai85.o)
                0x1000308c                MXC_UART_WriteCharacter
 .text.MXC_UART_GetRXFIFOAvailable
                0x10003090        0x4 C:/MaximSDK/Libraries/PeriphDrivers/bin/MAX78000/softfp/libPeriphDriver_softfp.a(uart_ai85.o)
                0x10003090                MXC_UART_GetRXFIFOAvailable
 .text.MXC_UART_GetTXFIFOAvailable
                0x10003094        0x4 C:/MaximSDK/Libraries/PeriphDrivers/bin/MAX78000/softfp/libPeriphDriver_softfp.a(uart_ai85.o)
                0x10003094                MXC_UART_GetTXFIFOAvailable
 .text.MXC_UART_SetRXThreshold
                0x10003098        0x4 C:/MaximSDK/Libraries/PeriphDrivers/bin/MAX78000/softfp/libPeriphDriver_softfp.a(uart_ai85.o)
                0x10003098                MXC_UART_SetRXThreshold
 .text.MXC_UART_Common_ReadCharacter
                0x1000309c       0x18 C:/MaximSDK/Libraries/PeriphDrivers/bin/MAX78000/softfp/libPeriphDriver_softfp.a(uart_common.o)
                0x1000309c                MXC_UART_Common_ReadCharacter
 .text.MXC_UART_Common_WriteCharacter
                0x100030b4       0x1c C:/MaximSDK/Libraries/PeriphDrivers/bin/MAX78000/softfp/libPeriphDriver_softfp.a(uart_common.o)
                0x100030b4                MXC_UART_Common_WriteCharacter
 .text.MXC_UART_RevB_Init
                0x100030d0       0x70 C:/MaximSDK/Libraries/PeriphDrivers/bin/MAX78000/softfp/libPeriphDriver_softfp.a(uart_revb.o)
                0x100030d0                MXC_UART_RevB_Init
 .text.MXC_UART_RevB_SetFrequency
                0x10003140       0x9c C:/MaximSDK/Libraries/PeriphDrivers/bin/MAX78000/softfp/libPeriphDriver_softfp.a(uart_revb.o)
                0x10003140                MXC_UART_RevB_SetFrequency
 .text.MXC_UART_RevB_GetFrequency
                0x100031dc       0x7c C:/MaximSDK/Libraries/PeriphDrivers/bin/MAX78000/softfp/libPeriphDriver_softfp.a(uart_revb.o)
                0x100031dc                MXC_UART_RevB_GetFrequency
 .text.MXC_UART_RevB_SetDataSize
                0x10003258       0x40 C:/MaximSDK/Libraries/PeriphDrivers/bin/MAX78000/softfp/libPeriphDriver_softfp.a(uart_revb.o)
                0x10003258                MXC_UART_RevB_SetDataSize
 .text.MXC_UART_RevB_SetStopBits
                0x10003298       0x4c C:/MaximSDK/Libraries/PeriphDrivers/bin/MAX78000/softfp/libPeriphDriver_softfp.a(uart_revb.o)
                0x10003298                MXC_UART_RevB_SetStopBits
 .text.MXC_UART_RevB_SetParity
                0x100032e4       0xb4 C:/MaximSDK/Libraries/PeriphDrivers/bin/MAX78000/softfp/libPeriphDriver_softfp.a(uart_revb.o)
                0x100032e4                MXC_UART_RevB_SetParity
 .text.MXC_UART_RevB_ReadCharacterRaw
                0x10003398       0x38 C:/MaximSDK/Libraries/PeriphDrivers/bin/MAX78000/softfp/libPeriphDriver_softfp.a(uart_revb.o)
                0x10003398                MXC_UART_RevB_ReadCharacterRaw
 .text.MXC_UART_RevB_WriteCharacterRaw
                0x100033d0       0x3c C:/MaximSDK/Libraries/PeriphDrivers/bin/MAX78000/softfp/libPeriphDriver_softfp.a(uart_revb.o)
                0x100033d0                MXC_UART_RevB_WriteCharacterRaw
 .text.MXC_UART_RevB_GetRXFIFOAvailable
                0x1000340c        0x8 C:/MaximSDK/Libraries/PeriphDrivers/bin/MAX78000/softfp/libPeriphDriver_softfp.a(uart_revb.o)
                0x1000340c                MXC_UART_RevB_GetRXFIFOAvailable
 .text.MXC_UART_RevB_GetTXFIFOAvailable
                0x10003414        0xc C:/MaximSDK/Libraries/PeriphDrivers/bin/MAX78000/softfp/libPeriphDriver_softfp.a(uart_revb.o)
                0x10003414                MXC_UART_RevB_GetTXFIFOAvailable
 .text.MXC_UART_RevB_SetRXThreshold
                0x10003420       0x40 C:/MaximSDK/Libraries/PeriphDrivers/bin/MAX78000/softfp/libPeriphDriver_softfp.a(uart_revb.o)
                0x10003420                MXC_UART_RevB_SetRXThreshold
 .text.MXC_GPIO_Common_Init
                0x10003460       0x24 C:/MaximSDK/Libraries/PeriphDrivers/bin/MAX78000/softfp/libPeriphDriver_softfp.a(gpio_common.o)
                0x10003460                MXC_GPIO_Common_Init
 .text.MXC_GPIO_Common_Handler
                0x10003484       0x88 C:/MaximSDK/Libraries/PeriphDrivers/bin/MAX78000/softfp/libPeriphDriver_softfp.a(gpio_common.o)
                0x10003484                MXC_GPIO_Common_Handler
 .text.MXC_TMR_Common_TO_Stop
                0x1000350c       0x14 C:/MaximSDK/Libraries/PeriphDrivers/bin/MAX78000/softfp/libPeriphDriver_softfp.a(tmr_common.o)
                0x1000350c                MXC_TMR_Common_TO_Stop
 .text.MXC_TMR_Common_SW_Start
                0x10003520        0x8 C:/MaximSDK/Libraries/PeriphDrivers/bin/MAX78000/softfp/libPeriphDriver_softfp.a(tmr_common.o)
                0x10003520                MXC_TMR_Common_SW_Start
 .text.MXC_TMR_Common_SW_Stop
                0x10003528       0x14 C:/MaximSDK/Libraries/PeriphDrivers/bin/MAX78000/softfp/libPeriphDriver_softfp.a(tmr_common.o)
                0x10003528                MXC_TMR_Common_SW_Stop
 .text.MXC_TMR_Common_TO_Elapsed
                0x1000353c       0x54 C:/MaximSDK/Libraries/PeriphDrivers/bin/MAX78000/softfp/libPeriphDriver_softfp.a(tmr_common.o)
                0x1000353c                MXC_TMR_Common_TO_Elapsed
 .text.__errno  0x10003590        0xc c:/maximsdk/tools/gnutools/10.3/bin/../lib/gcc/arm-none-eabi/10.3.1/../../../../arm-none-eabi/lib/thumb/v7e-m+fp/softfp\libc.a(lib_a-errno.o)
                0x10003590                __errno
 .text.exit     0x1000359c       0x20 c:/maximsdk/tools/gnutools/10.3/bin/../lib/gcc/arm-none-eabi/10.3.1/../../../../arm-none-eabi/lib/thumb/v7e-m+fp/softfp\libc.a(lib_a-exit.o)
                0x1000359c                exit
 .text.__libc_init_array
                0x100035bc       0x48 c:/maximsdk/tools/gnutools/10.3/bin/../lib/gcc/arm-none-eabi/10.3.1/../../../../arm-none-eabi/lib/thumb/v7e-m+fp/softfp\libc.a(lib_a-init.o)
                0x100035bc                __libc_init_array
 .text.malloc   0x10003604       0x10 c:/maximsdk/tools/gnutools/10.3/bin/../lib/gcc/arm-none-eabi/10.3.1/../../../../arm-none-eabi/lib/thumb/v7e-m+fp/softfp\libc.a(lib_a-malloc.o)
                0x10003604                malloc
 .text._malloc_r
                0x10003614      0x560 c:/maximsdk/tools/gnutools/10.3/bin/../lib/gcc/arm-none-eabi/10.3.1/../../../../arm-none-eabi/lib/thumb/v7e-m+fp/softfp\libc.a(lib_a-mallocr.o)
                0x10003614                _malloc_r
 .text          0x10003b74      0x134 c:/maximsdk/tools/gnutools/10.3/bin/../lib/gcc/arm-none-eabi/10.3.1/../../../../arm-none-eabi/lib/thumb/v7e-m+fp/softfp\libc.a(lib_a-memcpy.o)
                0x10003b74                memcpy
 .text.memset   0x10003ca8       0xa4 c:/maximsdk/tools/gnutools/10.3/bin/../lib/gcc/arm-none-eabi/10.3.1/../../../../arm-none-eabi/lib/thumb/v7e-m+fp/softfp\libc.a(lib_a-memset.o)
                0x10003ca8                memset
 .text.__malloc_lock
                0x10003d4c        0xc c:/maximsdk/tools/gnutools/10.3/bin/../lib/gcc/arm-none-eabi/10.3.1/../../../../arm-none-eabi/lib/thumb/v7e-m+fp/softfp\libc.a(lib_a-mlock.o)
                0x10003d4c                __malloc_lock
 .text.__malloc_unlock
                0x10003d58        0xc c:/maximsdk/tools/gnutools/10.3/bin/../lib/gcc/arm-none-eabi/10.3.1/../../../../arm-none-eabi/lib/thumb/v7e-m+fp/softfp\libc.a(lib_a-mlock.o)
                0x10003d58                __malloc_unlock
 .text._perror_r
                0x10003d64      0x124 c:/maximsdk/tools/gnutools/10.3/bin/../lib/gcc/arm-none-eabi/10.3.1/../../../../arm-none-eabi/lib/thumb/v7e-m+fp/softfp\libc.a(lib_a-perror.o)
                0x10003d64                _perror_r
 .text.perror   0x10003e88       0x10 c:/maximsdk/tools/gnutools/10.3/bin/../lib/gcc/arm-none-eabi/10.3.1/../../../../arm-none-eabi/lib/thumb/v7e-m+fp/softfp\libc.a(lib_a-perror.o)
                0x10003e88                perror
 .text.printf   0x10003e98       0x28 c:/maximsdk/tools/gnutools/10.3/bin/../lib/gcc/arm-none-eabi/10.3.1/../../../../arm-none-eabi/lib/thumb/v7e-m+fp/softfp\libc.a(lib_a-printf.o)
                0x10003e98                printf
 .text._puts_r  0x10003ec0       0x9c c:/maximsdk/tools/gnutools/10.3/bin/../lib/gcc/arm-none-eabi/10.3.1/../../../../arm-none-eabi/lib/thumb/v7e-m+fp/softfp\libc.a(lib_a-puts.o)
                0x10003ec0                _puts_r
 .text.puts     0x10003f5c       0x10 c:/maximsdk/tools/gnutools/10.3/bin/../lib/gcc/arm-none-eabi/10.3.1/../../../../arm-none-eabi/lib/thumb/v7e-m+fp/softfp\libc.a(lib_a-puts.o)
                0x10003f5c                puts
 .text._sbrk_r  0x10003f6c       0x24 c:/maximsdk/tools/gnutools/10.3/bin/../lib/gcc/arm-none-eabi/10.3.1/../../../../arm-none-eabi/lib/thumb/v7e-m+fp/softfp\libc.a(lib_a-sbrkr.o)
                0x10003f6c                _sbrk_r
 .text._strerror_r
                0x10003f90      0x3d0 c:/maximsdk/tools/gnutools/10.3/bin/../lib/gcc/arm-none-eabi/10.3.1/../../../../arm-none-eabi/lib/thumb/v7e-m+fp/softfp\libc.a(lib_a-strerror.o)
                0x10003f90                _strerror_r
 *fill*         0x10004360       0x20 
 .text          0x10004380       0xdc c:/maximsdk/tools/gnutools/10.3/bin/../lib/gcc/arm-none-eabi/10.3.1/../../../../arm-none-eabi/lib/thumb/v7e-m+fp/softfp\libc.a(lib_a-strlen.o)
                0x10004380                strlen
 .text._user_strerror
                0x1000445c        0x4 c:/maximsdk/tools/gnutools/10.3/bin/../lib/gcc/arm-none-eabi/10.3.1/../../../../arm-none-eabi/lib/thumb/v7e-m+fp/softfp\libc.a(lib_a-u_strerr.o)
                0x1000445c                _user_strerror
 .text._vfprintf_r
                0x10004460     0x1b8c c:/maximsdk/tools/gnutools/10.3/bin/../lib/gcc/arm-none-eabi/10.3.1/../../../../arm-none-eabi/lib/thumb/v7e-m+fp/softfp\libc.a(lib_a-vfprintf.o)
                0x10004460                _vfprintf_r
 .text.__sbprintf
                0x10005fec       0x80 c:/maximsdk/tools/gnutools/10.3/bin/../lib/gcc/arm-none-eabi/10.3.1/../../../../arm-none-eabi/lib/thumb/v7e-m+fp/softfp\libc.a(lib_a-vfprintf.o)
 .text._write_r
                0x1000606c       0x2c c:/maximsdk/tools/gnutools/10.3/bin/../lib/gcc/arm-none-eabi/10.3.1/../../../../arm-none-eabi/lib/thumb/v7e-m+fp/softfp\libc.a(lib_a-writer.o)
                0x1000606c                _write_r
 .text.__swsetup_r
                0x10006098       0xd4 c:/maximsdk/tools/gnutools/10.3/bin/../lib/gcc/arm-none-eabi/10.3.1/../../../../arm-none-eabi/lib/thumb/v7e-m+fp/softfp\libc.a(lib_a-wsetup.o)
                0x10006098                __swsetup_r
 .text.startup.register_fini
                0x1000616c       0x14 c:/maximsdk/tools/gnutools/10.3/bin/../lib/gcc/arm-none-eabi/10.3.1/../../../../arm-none-eabi/lib/thumb/v7e-m+fp/softfp\libc.a(lib_a-__call_atexit.o)
 .text.__call_exitprocs
                0x10006180       0xcc c:/maximsdk/tools/gnutools/10.3/bin/../lib/gcc/arm-none-eabi/10.3.1/../../../../arm-none-eabi/lib/thumb/v7e-m+fp/softfp\libc.a(lib_a-__call_atexit.o)
                0x10006180                __call_exitprocs
 .text.atexit   0x1000624c        0xc c:/maximsdk/tools/gnutools/10.3/bin/../lib/gcc/arm-none-eabi/10.3.1/../../../../arm-none-eabi/lib/thumb/v7e-m+fp/softfp\libc.a(lib_a-atexit.o)
                0x1000624c                atexit
 .text.quorem   0x10006258      0x128 c:/maximsdk/tools/gnutools/10.3/bin/../lib/gcc/arm-none-eabi/10.3.1/../../../../arm-none-eabi/lib/thumb/v7e-m+fp/softfp\libc.a(lib_a-dtoa.o)
 .text._dtoa_r  0x10006380      0xf34 c:/maximsdk/tools/gnutools/10.3/bin/../lib/gcc/arm-none-eabi/10.3.1/../../../../arm-none-eabi/lib/thumb/v7e-m+fp/softfp\libc.a(lib_a-dtoa.o)
                0x10006380                _dtoa_r
 .text.__sflush_r
                0x100072b4      0x130 c:/maximsdk/tools/gnutools/10.3/bin/../lib/gcc/arm-none-eabi/10.3.1/../../../../arm-none-eabi/lib/thumb/v7e-m+fp/softfp\libc.a(lib_a-fflush.o)
                0x100072b4                __sflush_r
 .text._fflush_r
                0x100073e4       0x5c c:/maximsdk/tools/gnutools/10.3/bin/../lib/gcc/arm-none-eabi/10.3.1/../../../../arm-none-eabi/lib/thumb/v7e-m+fp/softfp\libc.a(lib_a-fflush.o)
                0x100073e4                _fflush_r
 .text.fileno   0x10007440       0x80 c:/maximsdk/tools/gnutools/10.3/bin/../lib/gcc/arm-none-eabi/10.3.1/../../../../arm-none-eabi/lib/thumb/v7e-m+fp/softfp\libc.a(lib_a-fileno.o)
                0x10007440                fileno
 .text._cleanup_r
                0x100074c0        0xc c:/maximsdk/tools/gnutools/10.3/bin/../lib/gcc/arm-none-eabi/10.3.1/../../../../arm-none-eabi/lib/thumb/v7e-m+fp/softfp\libc.a(lib_a-findfp.o)
                0x100074c0                _cleanup_r
 .text.__sinit  0x100074cc      0x10c c:/maximsdk/tools/gnutools/10.3/bin/../lib/gcc/arm-none-eabi/10.3.1/../../../../arm-none-eabi/lib/thumb/v7e-m+fp/softfp\libc.a(lib_a-findfp.o)
                0x100074cc                __sinit
 .text.__sfp_lock_acquire
                0x100075d8        0xc c:/maximsdk/tools/gnutools/10.3/bin/../lib/gcc/arm-none-eabi/10.3.1/../../../../arm-none-eabi/lib/thumb/v7e-m+fp/softfp\libc.a(lib_a-findfp.o)
                0x100075d8                __sfp_lock_acquire
 .text.__sfp_lock_release
                0x100075e4        0xc c:/maximsdk/tools/gnutools/10.3/bin/../lib/gcc/arm-none-eabi/10.3.1/../../../../arm-none-eabi/lib/thumb/v7e-m+fp/softfp\libc.a(lib_a-findfp.o)
                0x100075e4                __sfp_lock_release
 .text.__libc_fini_array
                0x100075f0       0x2c c:/maximsdk/tools/gnutools/10.3/bin/../lib/gcc/arm-none-eabi/10.3.1/../../../../arm-none-eabi/lib/thumb/v7e-m+fp/softfp\libc.a(lib_a-fini.o)
                0x100075f0                __libc_fini_array
 .text._malloc_trim_r
                0x1000761c       0xa0 c:/maximsdk/tools/gnutools/10.3/bin/../lib/gcc/arm-none-eabi/10.3.1/../../../../arm-none-eabi/lib/thumb/v7e-m+fp/softfp\libc.a(lib_a-freer.o)
                0x1000761c                _malloc_trim_r
 .text._free_r  0x100076bc      0x20c c:/maximsdk/tools/gnutools/10.3/bin/../lib/gcc/arm-none-eabi/10.3.1/../../../../arm-none-eabi/lib/thumb/v7e-m+fp/softfp\libc.a(lib_a-freer.o)
                0x100076bc                _free_r
 .text.__sfvwrite_r
                0x100078c8      0x2f0 c:/maximsdk/tools/gnutools/10.3/bin/../lib/gcc/arm-none-eabi/10.3.1/../../../../arm-none-eabi/lib/thumb/v7e-m+fp/softfp\libc.a(lib_a-fvwrite.o)
                0x100078c8                __sfvwrite_r
 .text._fwalk_reent
                0x10007bb8       0x48 c:/maximsdk/tools/gnutools/10.3/bin/../lib/gcc/arm-none-eabi/10.3.1/../../../../arm-none-eabi/lib/thumb/v7e-m+fp/softfp\libc.a(lib_a-fwalk.o)
                0x10007bb8                _fwalk_reent
 .text._localeconv_r
                0x10007c00        0x8 c:/maximsdk/tools/gnutools/10.3/bin/../lib/gcc/arm-none-eabi/10.3.1/../../../../arm-none-eabi/lib/thumb/v7e-m+fp/softfp\libc.a(lib_a-localeconv.o)
                0x10007c00                _localeconv_r
 .text.__retarget_lock_init_recursive
                0x10007c08        0x4 c:/maximsdk/tools/gnutools/10.3/bin/../lib/gcc/arm-none-eabi/10.3.1/../../../../arm-none-eabi/lib/thumb/v7e-m+fp/softfp\libc.a(lib_a-lock.o)
                0x10007c08                __retarget_lock_init_recursive
 .text.__retarget_lock_close_recursive
                0x10007c0c        0x4 c:/maximsdk/tools/gnutools/10.3/bin/../lib/gcc/arm-none-eabi/10.3.1/../../../../arm-none-eabi/lib/thumb/v7e-m+fp/softfp\libc.a(lib_a-lock.o)
                0x10007c0c                __retarget_lock_close_recursive
 .text.__retarget_lock_acquire_recursive
                0x10007c10        0x4 c:/maximsdk/tools/gnutools/10.3/bin/../lib/gcc/arm-none-eabi/10.3.1/../../../../arm-none-eabi/lib/thumb/v7e-m+fp/softfp\libc.a(lib_a-lock.o)
                0x10007c10                __retarget_lock_acquire_recursive
 .text.__retarget_lock_release_recursive
                0x10007c14        0x4 c:/maximsdk/tools/gnutools/10.3/bin/../lib/gcc/arm-none-eabi/10.3.1/../../../../arm-none-eabi/lib/thumb/v7e-m+fp/softfp\libc.a(lib_a-lock.o)
                0x10007c14                __retarget_lock_release_recursive
 .text.__smakebuf_r
                0x10007c18       0xe0 c:/maximsdk/tools/gnutools/10.3/bin/../lib/gcc/arm-none-eabi/10.3.1/../../../../arm-none-eabi/lib/thumb/v7e-m+fp/softfp\libc.a(lib_a-makebuf.o)
                0x10007c18                __smakebuf_r
 *fill*         0x10007cf8        0x8 
 .text          0x10007d00       0xa0 c:/maximsdk/tools/gnutools/10.3/bin/../lib/gcc/arm-none-eabi/10.3.1/../../../../arm-none-eabi/lib/thumb/v7e-m+fp/softfp\libc.a(lib_a-memchr.o)
                0x10007d00                memchr
 .text.memmove  0x10007da0       0xf8 c:/maximsdk/tools/gnutools/10.3/bin/../lib/gcc/arm-none-eabi/10.3.1/../../../../arm-none-eabi/lib/thumb/v7e-m+fp/softfp\libc.a(lib_a-memmove.o)
                0x10007da0                memmove
 .text._Balloc  0x10007e98       0x4c c:/maximsdk/tools/gnutools/10.3/bin/../lib/gcc/arm-none-eabi/10.3.1/../../../../arm-none-eabi/lib/thumb/v7e-m+fp/softfp\libc.a(lib_a-mprec.o)
                0x10007e98                _Balloc
 .text._Bfree   0x10007ee4       0x14 c:/maximsdk/tools/gnutools/10.3/bin/../lib/gcc/arm-none-eabi/10.3.1/../../../../arm-none-eabi/lib/thumb/v7e-m+fp/softfp\libc.a(lib_a-mprec.o)
                0x10007ee4                _Bfree
 .text.__multadd
                0x10007ef8       0xa8 c:/maximsdk/tools/gnutools/10.3/bin/../lib/gcc/arm-none-eabi/10.3.1/../../../../arm-none-eabi/lib/thumb/v7e-m+fp/softfp\libc.a(lib_a-mprec.o)
                0x10007ef8                __multadd
 .text.__hi0bits
                0x10007fa0       0x40 c:/maximsdk/tools/gnutools/10.3/bin/../lib/gcc/arm-none-eabi/10.3.1/../../../../arm-none-eabi/lib/thumb/v7e-m+fp/softfp\libc.a(lib_a-mprec.o)
                0x10007fa0                __hi0bits
 .text.__lo0bits
                0x10007fe0       0x60 c:/maximsdk/tools/gnutools/10.3/bin/../lib/gcc/arm-none-eabi/10.3.1/../../../../arm-none-eabi/lib/thumb/v7e-m+fp/softfp\libc.a(lib_a-mprec.o)
                0x10007fe0                __lo0bits
 .text.__i2b    0x10008040       0x5c c:/maximsdk/tools/gnutools/10.3/bin/../lib/gcc/arm-none-eabi/10.3.1/../../../../arm-none-eabi/lib/thumb/v7e-m+fp/softfp\libc.a(lib_a-mprec.o)
                0x10008040                __i2b
 .text.__multiply
                0x1000809c      0x15c c:/maximsdk/tools/gnutools/10.3/bin/../lib/gcc/arm-none-eabi/10.3.1/../../../../arm-none-eabi/lib/thumb/v7e-m+fp/softfp\libc.a(lib_a-mprec.o)
                0x1000809c                __multiply
 .text.__pow5mult
                0x100081f8       0xc0 c:/maximsdk/tools/gnutools/10.3/bin/../lib/gcc/arm-none-eabi/10.3.1/../../../../arm-none-eabi/lib/thumb/v7e-m+fp/softfp\libc.a(lib_a-mprec.o)
                0x100081f8                __pow5mult
 .text.__lshift
                0x100082b8       0xf0 c:/maximsdk/tools/gnutools/10.3/bin/../lib/gcc/arm-none-eabi/10.3.1/../../../../arm-none-eabi/lib/thumb/v7e-m+fp/softfp\libc.a(lib_a-mprec.o)
                0x100082b8                __lshift
 .text.__mcmp   0x100083a8       0x44 c:/maximsdk/tools/gnutools/10.3/bin/../lib/gcc/arm-none-eabi/10.3.1/../../../../arm-none-eabi/lib/thumb/v7e-m+fp/softfp\libc.a(lib_a-mprec.o)
                0x100083a8                __mcmp
 .text.__mdiff  0x100083ec      0x14c c:/maximsdk/tools/gnutools/10.3/bin/../lib/gcc/arm-none-eabi/10.3.1/../../../../arm-none-eabi/lib/thumb/v7e-m+fp/softfp\libc.a(lib_a-mprec.o)
                0x100083ec                __mdiff
 .text.__d2b    0x10008538       0xc4 c:/maximsdk/tools/gnutools/10.3/bin/../lib/gcc/arm-none-eabi/10.3.1/../../../../arm-none-eabi/lib/thumb/v7e-m+fp/softfp\libc.a(lib_a-mprec.o)
                0x10008538                __d2b
 .text._realloc_r
                0x100085fc      0x3d8 c:/maximsdk/tools/gnutools/10.3/bin/../lib/gcc/arm-none-eabi/10.3.1/../../../../arm-none-eabi/lib/thumb/v7e-m+fp/softfp\libc.a(lib_a-reallocr.o)
                0x100085fc                _realloc_r
 .text.frexp    0x100089d4       0x70 c:/maximsdk/tools/gnutools/10.3/bin/../lib/gcc/arm-none-eabi/10.3.1/../../../../arm-none-eabi/lib/thumb/v7e-m+fp/softfp\libc.a(lib_a-s_frexp.o)
                0x100089d4                frexp
 .text.__sread  0x10008a44       0x24 c:/maximsdk/tools/gnutools/10.3/bin/../lib/gcc/arm-none-eabi/10.3.1/../../../../arm-none-eabi/lib/thumb/v7e-m+fp/softfp\libc.a(lib_a-stdio.o)
                0x10008a44                __sread
 .text.__swrite
                0x10008a68       0x40 c:/maximsdk/tools/gnutools/10.3/bin/../lib/gcc/arm-none-eabi/10.3.1/../../../../arm-none-eabi/lib/thumb/v7e-m+fp/softfp\libc.a(lib_a-stdio.o)
                0x10008a68                __swrite
 .text.__sseek  0x10008aa8       0x20 c:/maximsdk/tools/gnutools/10.3/bin/../lib/gcc/arm-none-eabi/10.3.1/../../../../arm-none-eabi/lib/thumb/v7e-m+fp/softfp\libc.a(lib_a-stdio.o)
                0x10008aa8                __sseek
 .text.__sclose
                0x10008ac8        0x8 c:/maximsdk/tools/gnutools/10.3/bin/../lib/gcc/arm-none-eabi/10.3.1/../../../../arm-none-eabi/lib/thumb/v7e-m+fp/softfp\libc.a(lib_a-stdio.o)
                0x10008ac8                __sclose
 .text.strncpy  0x10008ad0       0x64 c:/maximsdk/tools/gnutools/10.3/bin/../lib/gcc/arm-none-eabi/10.3.1/../../../../arm-none-eabi/lib/thumb/v7e-m+fp/softfp\libc.a(lib_a-strncpy.o)
                0x10008ad0                strncpy
 .text.__sprint_r.part.0
                0x10008b34       0x78 c:/maximsdk/tools/gnutools/10.3/bin/../lib/gcc/arm-none-eabi/10.3.1/../../../../arm-none-eabi/lib/thumb/v7e-m+fp/softfp\libc.a(lib_a-vfiprintf.o)
 .text.__sprint_r
                0x10008bac       0x18 c:/maximsdk/tools/gnutools/10.3/bin/../lib/gcc/arm-none-eabi/10.3.1/../../../../arm-none-eabi/lib/thumb/v7e-m+fp/softfp\libc.a(lib_a-vfiprintf.o)
                0x10008bac                __sprint_r
 .text._vfiprintf_r
                0x10008bc4      0xdfc c:/maximsdk/tools/gnutools/10.3/bin/../lib/gcc/arm-none-eabi/10.3.1/../../../../arm-none-eabi/lib/thumb/v7e-m+fp/softfp\libc.a(lib_a-vfiprintf.o)
                0x10008bc4                _vfiprintf_r
 .text.__sbprintf
                0x100099c0       0x80 c:/maximsdk/tools/gnutools/10.3/bin/../lib/gcc/arm-none-eabi/10.3.1/../../../../arm-none-eabi/lib/thumb/v7e-m+fp/softfp\libc.a(lib_a-vfiprintf.o)
 .text.__register_exitproc
                0x10009a40       0x8c c:/maximsdk/tools/gnutools/10.3/bin/../lib/gcc/arm-none-eabi/10.3.1/../../../../arm-none-eabi/lib/thumb/v7e-m+fp/softfp\libc.a(lib_a-__atexit.o)
                0x10009a40                __register_exitproc
 .text.__assert_func
                0x10009acc       0x40 c:/maximsdk/tools/gnutools/10.3/bin/../lib/gcc/arm-none-eabi/10.3.1/../../../../arm-none-eabi/lib/thumb/v7e-m+fp/softfp\libc.a(lib_a-assert.o)
                0x10009acc                __assert_func
 .text._calloc_r
                0x10009b0c       0x78 c:/maximsdk/tools/gnutools/10.3/bin/../lib/gcc/arm-none-eabi/10.3.1/../../../../arm-none-eabi/lib/thumb/v7e-m+fp/softfp\libc.a(lib_a-callocr.o)
                0x10009b0c                _calloc_r
 .text._close_r
                0x10009b84       0x24 c:/maximsdk/tools/gnutools/10.3/bin/../lib/gcc/arm-none-eabi/10.3.1/../../../../arm-none-eabi/lib/thumb/v7e-m+fp/softfp\libc.a(lib_a-closer.o)
                0x10009b84                _close_r
 .text._fclose_r
                0x10009ba8       0xcc c:/maximsdk/tools/gnutools/10.3/bin/../lib/gcc/arm-none-eabi/10.3.1/../../../../arm-none-eabi/lib/thumb/v7e-m+fp/softfp\libc.a(lib_a-fclose.o)
                0x10009ba8                _fclose_r
 .text.fiprintf
                0x10009c74       0x28 c:/maximsdk/tools/gnutools/10.3/bin/../lib/gcc/arm-none-eabi/10.3.1/../../../../arm-none-eabi/lib/thumb/v7e-m+fp/softfp\libc.a(lib_a-fiprintf.o)
                0x10009c74                fiprintf
 .text.__fputwc
                0x10009c9c       0xa8 c:/maximsdk/tools/gnutools/10.3/bin/../lib/gcc/arm-none-eabi/10.3.1/../../../../arm-none-eabi/lib/thumb/v7e-m+fp/softfp\libc.a(lib_a-fputwc.o)
                0x10009c9c                __fputwc
 .text._fputwc_r
                0x10009d44       0x68 c:/maximsdk/tools/gnutools/10.3/bin/../lib/gcc/arm-none-eabi/10.3.1/../../../../arm-none-eabi/lib/thumb/v7e-m+fp/softfp\libc.a(lib_a-fputwc.o)
                0x10009d44                _fputwc_r
 .text._fstat_r
                0x10009dac       0x2c c:/maximsdk/tools/gnutools/10.3/bin/../lib/gcc/arm-none-eabi/10.3.1/../../../../arm-none-eabi/lib/thumb/v7e-m+fp/softfp\libc.a(lib_a-fstatr.o)
                0x10009dac                _fstat_r
 .text._isatty_r
                0x10009dd8       0x24 c:/maximsdk/tools/gnutools/10.3/bin/../lib/gcc/arm-none-eabi/10.3.1/../../../../arm-none-eabi/lib/thumb/v7e-m+fp/softfp\libc.a(lib_a-isattyr.o)
                0x10009dd8                _isatty_r
 .text.__locale_mb_cur_max
                0x10009dfc        0xc c:/maximsdk/tools/gnutools/10.3/bin/../lib/gcc/arm-none-eabi/10.3.1/../../../../arm-none-eabi/lib/thumb/v7e-m+fp/softfp\libc.a(lib_a-locale.o)
                0x10009dfc                __locale_mb_cur_max
 .text._lseek_r
                0x10009e08       0x2c c:/maximsdk/tools/gnutools/10.3/bin/../lib/gcc/arm-none-eabi/10.3.1/../../../../arm-none-eabi/lib/thumb/v7e-m+fp/softfp\libc.a(lib_a-lseekr.o)
                0x10009e08                _lseek_r
 .text.__ascii_mbtowc
                0x10009e34       0x2c c:/maximsdk/tools/gnutools/10.3/bin/../lib/gcc/arm-none-eabi/10.3.1/../../../../arm-none-eabi/lib/thumb/v7e-m+fp/softfp\libc.a(lib_a-mbtowc_r.o)
                0x10009e34                __ascii_mbtowc
 .text._read_r  0x10009e60       0x2c c:/maximsdk/tools/gnutools/10.3/bin/../lib/gcc/arm-none-eabi/10.3.1/../../../../arm-none-eabi/lib/thumb/v7e-m+fp/softfp\libc.a(lib_a-readr.o)
                0x10009e60                _read_r
 .text.__swbuf_r
                0x10009e8c       0xb0 c:/maximsdk/tools/gnutools/10.3/bin/../lib/gcc/arm-none-eabi/10.3.1/../../../../arm-none-eabi/lib/thumb/v7e-m+fp/softfp\libc.a(lib_a-wbuf.o)
                0x10009e8c                __swbuf_r
 .text._wcrtomb_r
                0x10009f3c       0x3c c:/maximsdk/tools/gnutools/10.3/bin/../lib/gcc/arm-none-eabi/10.3.1/../../../../arm-none-eabi/lib/thumb/v7e-m+fp/softfp\libc.a(lib_a-wcrtomb.o)
                0x10009f3c                _wcrtomb_r
 .text.__ascii_wctomb
                0x10009f78       0x1c c:/maximsdk/tools/gnutools/10.3/bin/../lib/gcc/arm-none-eabi/10.3.1/../../../../arm-none-eabi/lib/thumb/v7e-m+fp/softfp\libc.a(lib_a-wctomb_r.o)
                0x10009f78                __ascii_wctomb
 .text.abort    0x10009f94       0x10 c:/maximsdk/tools/gnutools/10.3/bin/../lib/gcc/arm-none-eabi/10.3.1/../../../../arm-none-eabi/lib/thumb/v7e-m+fp/softfp\libc.a(lib_a-abort.o)
                0x10009f94                abort
 .text.raise    0x10009fa4       0x5c c:/maximsdk/tools/gnutools/10.3/bin/../lib/gcc/arm-none-eabi/10.3.1/../../../../arm-none-eabi/lib/thumb/v7e-m+fp/softfp\libc.a(lib_a-signal.o)
                0x10009fa4                raise
 .text._kill_r  0x1000a000       0x2c c:/maximsdk/tools/gnutools/10.3/bin/../lib/gcc/arm-none-eabi/10.3.1/../../../../arm-none-eabi/lib/thumb/v7e-m+fp/softfp\libc.a(lib_a-signalr.o)
                0x1000a000                _kill_r
 .text._getpid_r
                0x1000a02c        0x4 c:/maximsdk/tools/gnutools/10.3/bin/../lib/gcc/arm-none-eabi/10.3.1/../../../../arm-none-eabi/lib/thumb/v7e-m+fp/softfp\libc.a(lib_a-signalr.o)
                0x1000a02c                _getpid_r
 .text._getpid  0x1000a030       0x10 c:/maximsdk/tools/gnutools/10.3/bin/../lib/gcc/arm-none-eabi/10.3.1/../../../../arm-none-eabi/lib/thumb/v7e-m+fp/softfp\libnosys.a(getpid.o)
                0x1000a030                _getpid
 .text._kill    0x1000a040       0x10 c:/maximsdk/tools/gnutools/10.3/bin/../lib/gcc/arm-none-eabi/10.3.1/../../../../arm-none-eabi/lib/thumb/v7e-m+fp/softfp\libnosys.a(kill.o)
                0x1000a040                _kill
 .text._exit    0x1000a050        0x4 c:/maximsdk/tools/gnutools/10.3/bin/../lib/gcc/arm-none-eabi/10.3.1/../../../../arm-none-eabi/lib/thumb/v7e-m+fp/softfp\libnosys.a(_exit.o)
                0x1000a050                _exit
 .text          0x1000a054      0x378 c:/maximsdk/tools/gnutools/10.3/bin/../lib/gcc/arm-none-eabi/10.3.1/thumb/v7e-m+fp/softfp\libgcc.a(_arm_addsubdf3.o)
                0x1000a054                __aeabi_drsub
                0x1000a05c                __aeabi_dsub
                0x1000a05c                __subdf3
                0x1000a060                __aeabi_dadd
                0x1000a060                __adddf3
                0x1000a2d8                __floatunsidf
                0x1000a2d8                __aeabi_ui2d
                0x1000a2f8                __floatsidf
                0x1000a2f8                __aeabi_i2d
                0x1000a31c                __aeabi_f2d
                0x1000a31c                __extendsfdf2
                0x1000a360                __floatundidf
                0x1000a360                __aeabi_ul2d
                0x1000a370                __floatdidf
                0x1000a370                __aeabi_l2d
 .text          0x1000a3cc      0x424 c:/maximsdk/tools/gnutools/10.3/bin/../lib/gcc/arm-none-eabi/10.3.1/thumb/v7e-m+fp/softfp\libgcc.a(_arm_muldivdf3.o)
                0x1000a3cc                __aeabi_dmul
                0x1000a3cc                __muldf3
                0x1000a620                __divdf3
                0x1000a620                __aeabi_ddiv
 .text          0x1000a7f0      0x110 c:/maximsdk/tools/gnutools/10.3/bin/../lib/gcc/arm-none-eabi/10.3.1/thumb/v7e-m+fp/softfp\libgcc.a(_arm_cmpdf2.o)
                0x1000a7f0                __gtdf2
                0x1000a7f0                __gedf2
                0x1000a7f8                __ltdf2
                0x1000a7f8                __ledf2
                0x1000a800                __nedf2
                0x1000a800                __eqdf2
                0x1000a800                __cmpdf2
                0x1000a87c                __aeabi_cdrcmple
                0x1000a88c                __aeabi_cdcmpeq
                0x1000a88c                __aeabi_cdcmple
                0x1000a89c                __aeabi_dcmpeq
                0x1000a8b0                __aeabi_dcmplt
                0x1000a8c4                __aeabi_dcmple
                0x1000a8d8                __aeabi_dcmpge
                0x1000a8ec                __aeabi_dcmpgt
 .text          0x1000a900       0x2c c:/maximsdk/tools/gnutools/10.3/bin/../lib/gcc/arm-none-eabi/10.3.1/thumb/v7e-m+fp/softfp\libgcc.a(_arm_unorddf2.o)
                0x1000a900                __unorddf2
                0x1000a900                __aeabi_dcmpun
 .text          0x1000a92c       0x50 c:/maximsdk/tools/gnutools/10.3/bin/../lib/gcc/arm-none-eabi/10.3.1/thumb/v7e-m+fp/softfp\libgcc.a(_arm_fixdfsi.o)
                0x1000a92c                __aeabi_d2iz
                0x1000a92c                __fixdfsi
 .text          0x1000a97c       0xa0 c:/maximsdk/tools/gnutools/10.3/bin/../lib/gcc/arm-none-eabi/10.3.1/thumb/v7e-m+fp/softfp\libgcc.a(_aeabi_ldivmod.o)
                0x1000a97c                __aeabi_ldivmod
 .text          0x1000aa1c       0x30 c:/maximsdk/tools/gnutools/10.3/bin/../lib/gcc/arm-none-eabi/10.3.1/thumb/v7e-m+fp/softfp\libgcc.a(_aeabi_uldivmod.o)
                0x1000aa1c                __aeabi_uldivmod
 .text          0x1000aa4c      0x2d0 c:/maximsdk/tools/gnutools/10.3/bin/../lib/gcc/arm-none-eabi/10.3.1/thumb/v7e-m+fp/softfp\libgcc.a(_udivmoddi4.o)
                0x1000aa4c                __udivmoddi4
 .text          0x1000ad1c        0x4 c:/maximsdk/tools/gnutools/10.3/bin/../lib/gcc/arm-none-eabi/10.3.1/thumb/v7e-m+fp/softfp\libgcc.a(_dvmd_tls.o)
                0x1000ad1c                __aeabi_idiv0
                0x1000ad1c                __aeabi_ldiv0
 *(.rodata*)
 .rodata.output_layer_3.str1.4
                0x1000ad20       0x4f c:/Users/VAMercati/eclipse-workspace/mnist/build/backpropogation.o
 *fill*         0x1000ad6f        0x1 
 .rodata.cnn_init_layer.str1.4
                0x1000ad70       0x1b c:/Users/VAMercati/eclipse-workspace/mnist/build/cnn.o
 *fill*         0x1000ad8b        0x1 
 .rodata.cnn_config_layer.str1.4
                0x1000ad8c       0x34 c:/Users/VAMercati/eclipse-workspace/mnist/build/cnn.o
 .rodata.get_next_OS_layers.str1.4
                0x1000adc0       0x2c c:/Users/VAMercati/eclipse-workspace/mnist/build/cnn.o
 .rodata        0x1000adec        0xc c:/Users/VAMercati/eclipse-workspace/mnist/build/cnn.o
 .rodata.calculate_output_error.str1.4
                0x1000adf8       0x19 c:/Users/VAMercati/eclipse-workspace/mnist/build/main.o
 *fill*         0x1000ae11        0x3 
 .rodata.print_p_out.str1.4
                0x1000ae14       0x11 c:/Users/VAMercati/eclipse-workspace/mnist/build/main.o
 *fill*         0x1000ae25        0x3 
 .rodata.main.str1.4
                0x1000ae28       0x80 c:/Users/VAMercati/eclipse-workspace/mnist/build/main.o
 .rodata.mxc_assert.str1.4
                0x1000aea8       0x19 c:/Users/VAMercati/eclipse-workspace/mnist/build/board.o
 *fill*         0x1000aec1        0x3 
 .rodata.Board_Init.str1.4
                0x1000aec4       0x45 c:/Users/VAMercati/eclipse-workspace/mnist/build/board.o
 *fill*         0x1000af09        0x3 
 .rodata        0x1000af0c       0x54 c:/Users/VAMercati/eclipse-workspace/mnist/build/board.o
 .rodata.led_pin
                0x1000af60       0x18 c:/Users/VAMercati/eclipse-workspace/mnist/build/board.o
                0x1000af60                led_pin
 .rodata.num_leds
                0x1000af78        0x4 c:/Users/VAMercati/eclipse-workspace/mnist/build/board.o
                0x1000af78                num_leds
 .rodata.num_pbs
                0x1000af7c        0x4 c:/Users/VAMercati/eclipse-workspace/mnist/build/board.o
                0x1000af7c                num_pbs
 .rodata.pb_pin
                0x1000af80       0x18 c:/Users/VAMercati/eclipse-workspace/mnist/build/board.o
                0x1000af80                pb_pin
 .rodata.LED_On.str1.4
                0x1000af98       0x3b c:/Users/VAMercati/eclipse-workspace/mnist/build/led.o
 *fill*         0x1000afd3        0x1 
 .rodata.gpio_cfg_extclk
                0x1000afd4        0xc C:/MaximSDK/Libraries/PeriphDrivers/bin/MAX78000/softfp/libPeriphDriver_softfp.a(pins_ai85.o)
                0x1000afd4                gpio_cfg_extclk
 .rodata.gpio_cfg_tmr0
                0x1000afe0        0xc C:/MaximSDK/Libraries/PeriphDrivers/bin/MAX78000/softfp/libPeriphDriver_softfp.a(pins_ai85.o)
                0x1000afe0                gpio_cfg_tmr0
 .rodata.gpio_cfg_tmr0b
                0x1000afec        0xc C:/MaximSDK/Libraries/PeriphDrivers/bin/MAX78000/softfp/libPeriphDriver_softfp.a(pins_ai85.o)
                0x1000afec                gpio_cfg_tmr0b
 .rodata.gpio_cfg_tmr1
                0x1000aff8        0xc C:/MaximSDK/Libraries/PeriphDrivers/bin/MAX78000/softfp/libPeriphDriver_softfp.a(pins_ai85.o)
                0x1000aff8                gpio_cfg_tmr1
 .rodata.gpio_cfg_tmr1b
                0x1000b004        0xc C:/MaximSDK/Libraries/PeriphDrivers/bin/MAX78000/softfp/libPeriphDriver_softfp.a(pins_ai85.o)
                0x1000b004                gpio_cfg_tmr1b
 .rodata.gpio_cfg_tmr2
                0x1000b010        0xc C:/MaximSDK/Libraries/PeriphDrivers/bin/MAX78000/softfp/libPeriphDriver_softfp.a(pins_ai85.o)
                0x1000b010                gpio_cfg_tmr2
 .rodata.gpio_cfg_tmr2b
                0x1000b01c        0xc C:/MaximSDK/Libraries/PeriphDrivers/bin/MAX78000/softfp/libPeriphDriver_softfp.a(pins_ai85.o)
                0x1000b01c                gpio_cfg_tmr2b
 .rodata.gpio_cfg_tmr3
                0x1000b028        0xc C:/MaximSDK/Libraries/PeriphDrivers/bin/MAX78000/softfp/libPeriphDriver_softfp.a(pins_ai85.o)
                0x1000b028                gpio_cfg_tmr3
 .rodata.gpio_cfg_tmr3b
                0x1000b034        0xc C:/MaximSDK/Libraries/PeriphDrivers/bin/MAX78000/softfp/libPeriphDriver_softfp.a(pins_ai85.o)
                0x1000b034                gpio_cfg_tmr3b
 .rodata.gpio_cfg_tmr4
                0x1000b040        0xc C:/MaximSDK/Libraries/PeriphDrivers/bin/MAX78000/softfp/libPeriphDriver_softfp.a(pins_ai85.o)
                0x1000b040                gpio_cfg_tmr4
 .rodata.gpio_cfg_tmr5
                0x1000b04c        0xc C:/MaximSDK/Libraries/PeriphDrivers/bin/MAX78000/softfp/libPeriphDriver_softfp.a(pins_ai85.o)
                0x1000b04c                gpio_cfg_tmr5
 .rodata.gpio_cfg_uart0
                0x1000b058        0xc C:/MaximSDK/Libraries/PeriphDrivers/bin/MAX78000/softfp/libPeriphDriver_softfp.a(pins_ai85.o)
                0x1000b058                gpio_cfg_uart0
 .rodata.gpio_cfg_uart1
                0x1000b064        0xc C:/MaximSDK/Libraries/PeriphDrivers/bin/MAX78000/softfp/libPeriphDriver_softfp.a(pins_ai85.o)
                0x1000b064                gpio_cfg_uart1
 .rodata.gpio_cfg_uart2
                0x1000b070        0xc C:/MaximSDK/Libraries/PeriphDrivers/bin/MAX78000/softfp/libPeriphDriver_softfp.a(pins_ai85.o)
                0x1000b070                gpio_cfg_uart2
 .rodata.gpio_cfg_uart3
                0x1000b07c        0xc C:/MaximSDK/Libraries/PeriphDrivers/bin/MAX78000/softfp/libPeriphDriver_softfp.a(pins_ai85.o)
                0x1000b07c                gpio_cfg_uart3
 .rodata.MXC_TMR_Init.str1.4
                0x1000b088       0x50 C:/MaximSDK/Libraries/PeriphDrivers/bin/MAX78000/softfp/libPeriphDriver_softfp.a(tmr_ai85.o)
 .rodata.MXC_TMR_RevB_SetClockSourceFreq.str1.4
                0x1000b0d8       0x43 C:/MaximSDK/Libraries/PeriphDrivers/bin/MAX78000/softfp/libPeriphDriver_softfp.a(tmr_revb.o)
                                 0x50 (size before relaxing)
 *fill*         0x1000b11b        0x1 
 .rodata.MXC_GPIO_Common_Handler.str1.4
                0x1000b11c       0x66 C:/MaximSDK/Libraries/PeriphDrivers/bin/MAX78000/softfp/libPeriphDriver_softfp.a(gpio_common.o)
 *fill*         0x1000b182        0x2 
 .rodata._global_impure_ptr
                0x1000b184        0x4 c:/maximsdk/tools/gnutools/10.3/bin/../lib/gcc/arm-none-eabi/10.3.1/../../../../arm-none-eabi/lib/thumb/v7e-m+fp/softfp\libc.a(lib_a-impure.o)
                0x1000b184                _global_impure_ptr
 .rodata._perror_r.str1.4
                0x1000b188        0x6 c:/maximsdk/tools/gnutools/10.3/bin/../lib/gcc/arm-none-eabi/10.3.1/../../../../arm-none-eabi/lib/thumb/v7e-m+fp/softfp\libc.a(lib_a-perror.o)
 .rodata._puts_r.str1.4
                0x1000b18e        0x2 c:/maximsdk/tools/gnutools/10.3/bin/../lib/gcc/arm-none-eabi/10.3.1/../../../../arm-none-eabi/lib/thumb/v7e-m+fp/softfp\libc.a(lib_a-puts.o)
 *fill*         0x1000b18e        0x2 
 .rodata._strerror_r.str1.4
                0x1000b190      0x700 c:/maximsdk/tools/gnutools/10.3/bin/../lib/gcc/arm-none-eabi/10.3.1/../../../../arm-none-eabi/lib/thumb/v7e-m+fp/softfp\libc.a(lib_a-strerror.o)
                                0x701 (size before relaxing)
 .rodata._vfprintf_r.str1.4
                0x1000b890       0x42 c:/maximsdk/tools/gnutools/10.3/bin/../lib/gcc/arm-none-eabi/10.3.1/../../../../arm-none-eabi/lib/thumb/v7e-m+fp/softfp\libc.a(lib_a-vfprintf.o)
 *fill*         0x1000b8d2        0x2 
 .rodata.blanks.1
                0x1000b8d4       0x10 c:/maximsdk/tools/gnutools/10.3/bin/../lib/gcc/arm-none-eabi/10.3.1/../../../../arm-none-eabi/lib/thumb/v7e-m+fp/softfp\libc.a(lib_a-vfprintf.o)
 .rodata.zeroes.0
                0x1000b8e4       0x10 c:/maximsdk/tools/gnutools/10.3/bin/../lib/gcc/arm-none-eabi/10.3.1/../../../../arm-none-eabi/lib/thumb/v7e-m+fp/softfp\libc.a(lib_a-vfprintf.o)
 .rodata._dtoa_r.str1.4
                0x1000b8f4       0xa2 c:/maximsdk/tools/gnutools/10.3/bin/../lib/gcc/arm-none-eabi/10.3.1/../../../../arm-none-eabi/lib/thumb/v7e-m+fp/softfp\libc.a(lib_a-dtoa.o)
                                 0xa6 (size before relaxing)
 *fill*         0x1000b996        0x2 
 .rodata.__multadd.str1.4
                0x1000b998       0x7f c:/maximsdk/tools/gnutools/10.3/bin/../lib/gcc/arm-none-eabi/10.3.1/../../../../arm-none-eabi/lib/thumb/v7e-m+fp/softfp\libc.a(lib_a-mprec.o)
                                 0x93 (size before relaxing)
 *fill*         0x1000ba17        0x1 
 .rodata.__mprec_bigtens
                0x1000ba18       0x28 c:/maximsdk/tools/gnutools/10.3/bin/../lib/gcc/arm-none-eabi/10.3.1/../../../../arm-none-eabi/lib/thumb/v7e-m+fp/softfp\libc.a(lib_a-mprec.o)
                0x1000ba18                __mprec_bigtens
 .rodata.__mprec_tens
                0x1000ba40       0xc8 c:/maximsdk/tools/gnutools/10.3/bin/../lib/gcc/arm-none-eabi/10.3.1/../../../../arm-none-eabi/lib/thumb/v7e-m+fp/softfp\libc.a(lib_a-mprec.o)
                0x1000ba40                __mprec_tens
 .rodata.p05.0  0x1000bb08        0xc c:/maximsdk/tools/gnutools/10.3/bin/../lib/gcc/arm-none-eabi/10.3.1/../../../../arm-none-eabi/lib/thumb/v7e-m+fp/softfp\libc.a(lib_a-mprec.o)
 .rodata._vfiprintf_r.str1.4
                0x1000bb14       0x2f c:/maximsdk/tools/gnutools/10.3/bin/../lib/gcc/arm-none-eabi/10.3.1/../../../../arm-none-eabi/lib/thumb/v7e-m+fp/softfp\libc.a(lib_a-vfiprintf.o)
 .rodata.blanks.1
                0x1000bb14       0x10 c:/maximsdk/tools/gnutools/10.3/bin/../lib/gcc/arm-none-eabi/10.3.1/../../../../arm-none-eabi/lib/thumb/v7e-m+fp/softfp\libc.a(lib_a-vfiprintf.o)
 .rodata.zeroes.0
                0x1000bb24       0x10 c:/maximsdk/tools/gnutools/10.3/bin/../lib/gcc/arm-none-eabi/10.3.1/../../../../arm-none-eabi/lib/thumb/v7e-m+fp/softfp\libc.a(lib_a-vfiprintf.o)
 .rodata.__assert_func.str1.4
                0x1000bb34       0x3f c:/maximsdk/tools/gnutools/10.3/bin/../lib/gcc/arm-none-eabi/10.3.1/../../../../arm-none-eabi/lib/thumb/v7e-m+fp/softfp\libc.a(lib_a-assert.o)
                                 0x43 (size before relaxing)
 *fill*         0x1000bb73        0x1 
 .rodata._setlocale_r.str1.4
                0x1000bb74        0xa c:/maximsdk/tools/gnutools/10.3/bin/../lib/gcc/arm-none-eabi/10.3.1/../../../../arm-none-eabi/lib/thumb/v7e-m+fp/softfp\libc.a(lib_a-locale.o)
                                  0xd (size before relaxing)
 *fill*         0x1000bb7e        0x2 
 .rodata.str1.4
                0x1000bb80        0x2 c:/maximsdk/tools/gnutools/10.3/bin/../lib/gcc/arm-none-eabi/10.3.1/../../../../arm-none-eabi/lib/thumb/v7e-m+fp/softfp\libc.a(lib_a-locale.o)
 *fill*         0x1000bb82        0x2 
 .rodata._ctype_
                0x1000bb84      0x101 c:/maximsdk/tools/gnutools/10.3/bin/../lib/gcc/arm-none-eabi/10.3.1/../../../../arm-none-eabi/lib/thumb/v7e-m+fp/softfp\libc.a(lib_a-ctype_.o)
                0x1000bb84                _ctype_
 *(.init)
 *fill*         0x1000bc85        0x3 
 .init          0x1000bc88        0x4 c:/maximsdk/tools/gnutools/10.3/bin/../lib/gcc/arm-none-eabi/10.3.1/thumb/v7e-m+fp/softfp/crti.o
                0x1000bc88                _init
 .init          0x1000bc8c        0x8 c:/maximsdk/tools/gnutools/10.3/bin/../lib/gcc/arm-none-eabi/10.3.1/thumb/v7e-m+fp/softfp/crtn.o
 *(.fini)
 .fini          0x1000bc94        0x4 c:/maximsdk/tools/gnutools/10.3/bin/../lib/gcc/arm-none-eabi/10.3.1/thumb/v7e-m+fp/softfp/crti.o
                0x1000bc94                _fini
 .fini          0x1000bc98        0x8 c:/maximsdk/tools/gnutools/10.3/bin/../lib/gcc/arm-none-eabi/10.3.1/thumb/v7e-m+fp/softfp/crtn.o
 *crtbegin.o(.ctors)
 *crtbegin?.o(.ctors)
 *(EXCLUDE_FILE(*crtend.o *crtend?.o) .ctors)
 *(SORT_BY_NAME(.ctors.*))
 *(.ctors)
 *crtbegin.o(.dtors)
 *crtbegin?.o(.dtors)
 *(EXCLUDE_FILE(*crtend.o *crtend?.o) .dtors)
 *(SORT_BY_NAME(.dtors.*))
 *(.dtors)
 *(.eh_frame*)
 .eh_frame      0x1000bca0        0x0 c:/maximsdk/tools/gnutools/10.3/bin/../lib/gcc/arm-none-eabi/10.3.1/thumb/v7e-m+fp/softfp/crtbegin.o
 .eh_frame      0x1000bca0        0x4 c:/maximsdk/tools/gnutools/10.3/bin/../lib/gcc/arm-none-eabi/10.3.1/thumb/v7e-m+fp/softfp/crtend.o
                0x1000bca4                _etext = .

.glue_7         0x1000bca4        0x0
 .glue_7        0x1000bca4        0x0 linker stubs

.glue_7t        0x1000bca4        0x0
 .glue_7t       0x1000bca4        0x0 linker stubs

.vfp11_veneer   0x1000bca4        0x0
 .vfp11_veneer  0x1000bca4        0x0 linker stubs

.v4_bx          0x1000bca4        0x0
 .v4_bx         0x1000bca4        0x0 linker stubs

.iplt           0x1000bca4        0x0
 .iplt          0x1000bca4        0x0 c:/maximsdk/tools/gnutools/10.3/bin/../lib/gcc/arm-none-eabi/10.3.1/thumb/v7e-m+fp/softfp/crtbegin.o

.ARM.extab
 *(.ARM.extab* .gnu.linkonce.armextab.*)

.bin_storage    0x1000bca4        0x0
 FILL mask 0xff
                0x1000bca4                _bin_start_ = .
 *(.bin_storage_img)
                0x1000bca4                _bin_end_ = .
                0x1000bca4                . = ALIGN (0x4)

.rom_code       0x00000000        0x0
                0x00000000                . = ALIGN (0x10)
                0x20000000                _sran_code = .
 *(.rom_code_section)
                0x20000000                _esran_code = .

.flash_code     0x1000bca4        0xc
                0x1000bcb0                . = ALIGN (0x10)
 *fill*         0x1000bca4        0xc 
                0x20000000                _sran_code = .
 *(.flash_code_section)
                0x20000000                _esran_code = .

.sram_code      0x20000000        0x0
                0x20000000                . = ALIGN (0x10)
                0x20000000                _sran_code = .
 *(.sram_code_section)
                0x20000000                _esran_code = .

.ARM.exidx      0x1000bcb0        0x8
                0x1000bcb0                __exidx_start = .
 *(.ARM.exidx* .gnu.linkonce.armexidx.*)
 .ARM.exidx     0x1000bcb0        0x8 c:/maximsdk/tools/gnutools/10.3/bin/../lib/gcc/arm-none-eabi/10.3.1/thumb/v7e-m+fp/softfp\libgcc.a(_udivmoddi4.o)
                0x1000bcb8                __exidx_end = .

.rel.dyn        0x1000bcb8        0x0
 .rel.iplt      0x1000bcb8        0x0 c:/maximsdk/tools/gnutools/10.3/bin/../lib/gcc/arm-none-eabi/10.3.1/thumb/v7e-m+fp/softfp/crtbegin.o

.data           0x20000000    0x18d7c load address 0x1000bcb8
                0x20000000                _data = ALIGN (., 0x4)
 *(vtable)
 *(.data*)
 .data.labels_training
                0x20000000      0xfa0 c:/Users/VAMercati/eclipse-workspace/mnist/build/main.o
                0x20000000                labels_training
 .data.learning_rate
                0x20000fa0        0x4 c:/Users/VAMercati/eclipse-workspace/mnist/build/main.o
                0x20000fa0                learning_rate
 .data.samples_testing
                0x20000fa4     0x1ea0 c:/Users/VAMercati/eclipse-workspace/mnist/build/main.o
                0x20000fa4                samples_testing
 .data.samples_training
                0x20002e44     0x3d40 c:/Users/VAMercati/eclipse-workspace/mnist/build/main.o
                0x20002e44                samples_training
 .data.bias     0x20006b84        0xa c:/Users/VAMercati/eclipse-workspace/mnist/build/weights.o
                0x20006b84                bias
 *fill*         0x20006b8e        0x2 
 .data.model_weights
                0x20006b90    0x11828 c:/Users/VAMercati/eclipse-workspace/mnist/build/weights.o
                0x20006b90                model_weights
 .data.ConsoleUart
                0x200183b8        0x4 c:/Users/VAMercati/eclipse-workspace/mnist/build/board.o
                0x200183b8                ConsoleUart
 .data.overflows
                0x200183bc        0x4 C:/MaximSDK/Libraries/PeriphDrivers/bin/MAX78000/softfp/libPeriphDriver_softfp.a(mxc_delay.o)
 .data._impure_ptr
                0x200183c0        0x4 c:/maximsdk/tools/gnutools/10.3/bin/../lib/gcc/arm-none-eabi/10.3.1/../../../../arm-none-eabi/lib/thumb/v7e-m+fp/softfp\libc.a(lib_a-impure.o)
                0x200183c0                _impure_ptr
 *fill*         0x200183c4        0x4 
 .data.impure_data
                0x200183c8      0x428 c:/maximsdk/tools/gnutools/10.3/bin/../lib/gcc/arm-none-eabi/10.3.1/../../../../arm-none-eabi/lib/thumb/v7e-m+fp/softfp\libc.a(lib_a-impure.o)
 .data.__malloc_av_
                0x200187f0      0x408 c:/maximsdk/tools/gnutools/10.3/bin/../lib/gcc/arm-none-eabi/10.3.1/../../../../arm-none-eabi/lib/thumb/v7e-m+fp/softfp\libc.a(lib_a-mallocr.o)
                0x200187f0                __malloc_av_
 .data.__malloc_sbrk_base
                0x20018bf8        0x4 c:/maximsdk/tools/gnutools/10.3/bin/../lib/gcc/arm-none-eabi/10.3.1/../../../../arm-none-eabi/lib/thumb/v7e-m+fp/softfp\libc.a(lib_a-mallocr.o)
                0x20018bf8                __malloc_sbrk_base
 .data.__malloc_trim_threshold
                0x20018bfc        0x4 c:/maximsdk/tools/gnutools/10.3/bin/../lib/gcc/arm-none-eabi/10.3.1/../../../../arm-none-eabi/lib/thumb/v7e-m+fp/softfp\libc.a(lib_a-mallocr.o)
                0x20018bfc                __malloc_trim_threshold
 .data.__atexit_recursive_mutex
                0x20018c00        0x4 c:/maximsdk/tools/gnutools/10.3/bin/../lib/gcc/arm-none-eabi/10.3.1/../../../../arm-none-eabi/lib/thumb/v7e-m+fp/softfp\libc.a(lib_a-__call_atexit.o)
                0x20018c00                __atexit_recursive_mutex
 .data.__global_locale
                0x20018c04      0x16c c:/maximsdk/tools/gnutools/10.3/bin/../lib/gcc/arm-none-eabi/10.3.1/../../../../arm-none-eabi/lib/thumb/v7e-m+fp/softfp\libc.a(lib_a-locale.o)
                0x20018c04                __global_locale
 *(.flashprog*)
                0x20018d70                . = ALIGN (0x4)
                0x20018d70                PROVIDE (__preinit_array_start = .)
 *(.preinit_array)
                0x20018d70                PROVIDE (__preinit_array_end = .)
                0x20018d70                . = ALIGN (0x4)
                0x20018d70                PROVIDE (__init_array_start = .)
 *(SORT_BY_NAME(.init_array.*))
 .init_array.00000
                0x20018d70        0x4 c:/maximsdk/tools/gnutools/10.3/bin/../lib/gcc/arm-none-eabi/10.3.1/../../../../arm-none-eabi/lib/thumb/v7e-m+fp/softfp\libc.a(lib_a-__call_atexit.o)
 *(.init_array)
 .init_array    0x20018d74        0x4 c:/maximsdk/tools/gnutools/10.3/bin/../lib/gcc/arm-none-eabi/10.3.1/thumb/v7e-m+fp/softfp/crtbegin.o
                0x20018d78                PROVIDE (__init_array_end = .)
                0x20018d78                . = ALIGN (0x4)
                0x20018d78                PROVIDE (__fini_array_start = .)
 *(SORT_BY_NAME(.fini_array.*))
 *(.fini_array)
 .fini_array    0x20018d78        0x4 c:/maximsdk/tools/gnutools/10.3/bin/../lib/gcc/arm-none-eabi/10.3.1/thumb/v7e-m+fp/softfp/crtbegin.o
                0x20018d7c                PROVIDE (__fini_array_end = .)
                0x20018d7c                _edata = ALIGN (., 0x4)
                0x1000bcb8                __load_data = LOADADDR (.data)

.igot.plt       0x20018d7c        0x0 load address 0x10024a34
 .igot.plt      0x20018d7c        0x0 c:/maximsdk/tools/gnutools/10.3/bin/../lib/gcc/arm-none-eabi/10.3.1/thumb/v7e-m+fp/softfp/crtbegin.o

.bss            0x20018e00     0x105c load address 0x10024a34
                0x20018e00                . = ALIGN (0x4)
                0x20018e00                _bss = .
 *(.bss*)
 .bss           0x20018e00       0x1c c:/maximsdk/tools/gnutools/10.3/bin/../lib/gcc/arm-none-eabi/10.3.1/thumb/v7e-m+fp/softfp/crtbegin.o
 .bss.OS_layers
                0x20018e1c        0x4 c:/Users/VAMercati/eclipse-workspace/mnist/build/cnn.o
                0x20018e1c                OS_layers
 .bss.biases    0x20018e20        0xa c:/Users/VAMercati/eclipse-workspace/mnist/build/main.o
                0x20018e20                biases
 *fill*         0x20018e2a        0x2 
 .bss.cnn_time  0x20018e2c        0x4 c:/Users/VAMercati/eclipse-workspace/mnist/build/main.o
                0x20018e2c                cnn_time
 .bss.input_t   0x20018e30        0x4 c:/Users/VAMercati/eclipse-workspace/mnist/build/main.o
                0x20018e30                input_t
 .bss.input_test
                0x20018e34        0x4 c:/Users/VAMercati/eclipse-workspace/mnist/build/main.o
                0x20018e34                input_test
 .bss.ml_data   0x20018e38       0x28 c:/Users/VAMercati/eclipse-workspace/mnist/build/main.o
 .bss.ml_data_frozen
                0x20018e60       0xc0 c:/Users/VAMercati/eclipse-workspace/mnist/build/main.o
 .bss.ml_softmax
                0x20018f20       0x14 c:/Users/VAMercati/eclipse-workspace/mnist/build/main.o
 .bss.output_L0
                0x20018f34       0xc0 c:/Users/VAMercati/eclipse-workspace/mnist/build/main.o
 .bss.timer     0x20018ff4        0x4 c:/Users/VAMercati/eclipse-workspace/mnist/build/main.o
                0x20018ff4                timer
 .bss.weights   0x20018ff8      0x780 c:/Users/VAMercati/eclipse-workspace/mnist/build/main.o
                0x20018ff8                weights
 .bss.blen_pin  0x20019778        0xc c:/Users/VAMercati/eclipse-workspace/mnist/build/tft_ssd2119.o
 .bss.g_spi_gpio
                0x20019784        0xc c:/Users/VAMercati/eclipse-workspace/mnist/build/tft_ssd2119.o
 .bss.reset_pin
                0x20019790        0xc c:/Users/VAMercati/eclipse-workspace/mnist/build/tft_ssd2119.o
 .bss.spi       0x2001979c        0x4 c:/Users/VAMercati/eclipse-workspace/mnist/build/tft_ssd2119.o
 .bss.ssel      0x200197a0        0x4 c:/Users/VAMercati/eclipse-workspace/mnist/build/tft_ssd2119.o
 .bss.tft_spi_freq
                0x200197a4        0x4 c:/Users/VAMercati/eclipse-workspace/mnist/build/tft_ssd2119.o
 .bss.busy_gpio
                0x200197a8        0xc c:/Users/VAMercati/eclipse-workspace/mnist/build/tsc2046.o
 .bss.int_gpio  0x200197b4        0xc c:/Users/VAMercati/eclipse-workspace/mnist/build/tsc2046.o
 .bss.heap_end  0x200197c0        0x4 c:/Users/VAMercati/eclipse-workspace/mnist/build/heap.o
 .bss.cbFunc    0x200197c4        0x4 C:/MaximSDK/Libraries/PeriphDrivers/bin/MAX78000/softfp/libPeriphDriver_softfp.a(mxc_delay.o)
 .bss.ctrl_save
                0x200197c8        0x4 C:/MaximSDK/Libraries/PeriphDrivers/bin/MAX78000/softfp/libPeriphDriver_softfp.a(mxc_delay.o)
 .bss.endtick   0x200197cc        0x4 C:/MaximSDK/Libraries/PeriphDrivers/bin/MAX78000/softfp/libPeriphDriver_softfp.a(mxc_delay.o)
 *fill*         0x200197d0       0x30 
 .bss.ramVectorTable
                0x20019800      0x1e0 C:/MaximSDK/Libraries/PeriphDrivers/bin/MAX78000/softfp/libPeriphDriver_softfp.a(nvic_table.o)
 .bss.tmr_clksrc
                0x200199e0       0x30 C:/MaximSDK/Libraries/PeriphDrivers/bin/MAX78000/softfp/libPeriphDriver_softfp.a(tmr_revb.o)
 .bss.callback  0x20019a10      0x200 C:/MaximSDK/Libraries/PeriphDrivers/bin/MAX78000/softfp/libPeriphDriver_softfp.a(gpio_common.o)
 .bss.cbparam   0x20019c10      0x200 C:/MaximSDK/Libraries/PeriphDrivers/bin/MAX78000/softfp/libPeriphDriver_softfp.a(gpio_common.o)
 .bss.initialized
                0x20019e10        0x1 C:/MaximSDK/Libraries/PeriphDrivers/bin/MAX78000/softfp/libPeriphDriver_softfp.a(gpio_common.o)
 *fill*         0x20019e11        0x3 
 .bss.__malloc_current_mallinfo
                0x20019e14       0x28 c:/maximsdk/tools/gnutools/10.3/bin/../lib/gcc/arm-none-eabi/10.3.1/../../../../arm-none-eabi/lib/thumb/v7e-m+fp/softfp\libc.a(lib_a-mallocr.o)
                0x20019e14                __malloc_current_mallinfo
 .bss.__malloc_max_sbrked_mem
                0x20019e3c        0x4 c:/maximsdk/tools/gnutools/10.3/bin/../lib/gcc/arm-none-eabi/10.3.1/../../../../arm-none-eabi/lib/thumb/v7e-m+fp/softfp\libc.a(lib_a-mallocr.o)
                0x20019e3c                __malloc_max_sbrked_mem
 .bss.__malloc_max_total_mem
                0x20019e40        0x4 c:/maximsdk/tools/gnutools/10.3/bin/../lib/gcc/arm-none-eabi/10.3.1/../../../../arm-none-eabi/lib/thumb/v7e-m+fp/softfp\libc.a(lib_a-mallocr.o)
                0x20019e40                __malloc_max_total_mem
 .bss.__malloc_top_pad
                0x20019e44        0x4 c:/maximsdk/tools/gnutools/10.3/bin/../lib/gcc/arm-none-eabi/10.3.1/../../../../arm-none-eabi/lib/thumb/v7e-m+fp/softfp\libc.a(lib_a-mallocr.o)
                0x20019e44                __malloc_top_pad
 .bss.__lock___atexit_recursive_mutex
                0x20019e48        0x1 c:/maximsdk/tools/gnutools/10.3/bin/../lib/gcc/arm-none-eabi/10.3.1/../../../../arm-none-eabi/lib/thumb/v7e-m+fp/softfp\libc.a(lib_a-lock.o)
                0x20019e48                __lock___atexit_recursive_mutex
 *fill*         0x20019e49        0x3 
 .bss.__lock___malloc_recursive_mutex
                0x20019e4c        0x1 c:/maximsdk/tools/gnutools/10.3/bin/../lib/gcc/arm-none-eabi/10.3.1/../../../../arm-none-eabi/lib/thumb/v7e-m+fp/softfp\libc.a(lib_a-lock.o)
                0x20019e4c                __lock___malloc_recursive_mutex
 *fill*         0x20019e4d        0x3 
 .bss.__lock___sfp_recursive_mutex
                0x20019e50        0x1 c:/maximsdk/tools/gnutools/10.3/bin/../lib/gcc/arm-none-eabi/10.3.1/../../../../arm-none-eabi/lib/thumb/v7e-m+fp/softfp\libc.a(lib_a-lock.o)
                0x20019e50                __lock___sfp_recursive_mutex
 *fill*         0x20019e51        0x3 
 .bss.__lock___sinit_recursive_mutex
                0x20019e54        0x1 c:/maximsdk/tools/gnutools/10.3/bin/../lib/gcc/arm-none-eabi/10.3.1/../../../../arm-none-eabi/lib/thumb/v7e-m+fp/softfp\libc.a(lib_a-lock.o)
                0x20019e54                __lock___sinit_recursive_mutex
 *fill*         0x20019e55        0x3 
 .bss.errno     0x20019e58        0x4 c:/maximsdk/tools/gnutools/10.3/bin/../lib/gcc/arm-none-eabi/10.3.1/../../../../arm-none-eabi/lib/thumb/v7e-m+fp/softfp\libc.a(lib_a-reent.o)
                0x20019e58                errno
 *(COMMON)
                0x20019e5c                _ebss = ALIGN (., 0x4)

.shared         0x20019e5c        0x4 load address 0x10024a34
                0x20019e5c                . = ALIGN (0x4)
                0x20019e5c                _shared = .
 *(.mailbox*)
                0x20019e5c                . = ALIGN (0x4)
 *(.shared*)
 .shared        0x20019e5c        0x4 c:/Users/VAMercati/eclipse-workspace/mnist/build/system_max78000.o
                0x20019e5c                SystemCoreClock
                0x20019e60                _eshared = ALIGN (., 0x4)
                0x10024a34                __shared_data = LOADADDR (.shared)
                0x20020000                __StackTop = (ORIGIN (SRAM) + LENGTH (SRAM))
                0x2001f000                __StackLimit = (__StackTop - SIZEOF (.stack_dummy))

.stack_dummy    0x20019e60     0x1000 load address 0x10024a38
 *(.stack*)
 .stack         0x20019e60     0x1000 c:/Users/VAMercati/eclipse-workspace/mnist/build/startup_max78000.o

.heap           0x20019e60      0xc00 load address 0x10024a38
                0x20019e60                . = ALIGN (0x4)
 *(.heap*)
 .heap          0x20019e60      0xc00 c:/Users/VAMercati/eclipse-workspace/mnist/build/startup_max78000.o
                0x20019e60                __HeapBase
                0x2001f000                __HeapLimit = ABSOLUTE (__StackLimit)
                0x20020000                PROVIDE (__stack = __StackTop)
                0x00000001                ASSERT ((__StackLimit >= _ebss), region RAM overflowed with stack)
OUTPUT(c:/Users/VAMercati/eclipse-workspace/mnist/build/mnist.elf elf32-littlearm)
LOAD linker stubs

.ARM.attributes
                0x00000000       0x2e
 .ARM.attributes
                0x00000000       0x1e c:/maximsdk/tools/gnutools/10.3/bin/../lib/gcc/arm-none-eabi/10.3.1/thumb/v7e-m+fp/softfp/crti.o
 .ARM.attributes
                0x0000001e       0x32 c:/maximsdk/tools/gnutools/10.3/bin/../lib/gcc/arm-none-eabi/10.3.1/thumb/v7e-m+fp/softfp/crtbegin.o
 .ARM.attributes
                0x00000050       0x32 c:/Users/VAMercati/eclipse-workspace/mnist/build/backpropogation.o
 .ARM.attributes
                0x00000082       0x32 c:/Users/VAMercati/eclipse-workspace/mnist/build/cnn.o
 .ARM.attributes
                0x000000b4       0x32 c:/Users/VAMercati/eclipse-workspace/mnist/build/main.o
 .ARM.attributes
                0x000000e6       0x32 c:/Users/VAMercati/eclipse-workspace/mnist/build/softmax.o
 .ARM.attributes
                0x00000118       0x32 c:/Users/VAMercati/eclipse-workspace/mnist/build/weights.o
 .ARM.attributes
                0x0000014a       0x32 c:/Users/VAMercati/eclipse-workspace/mnist/build/board.o
 .ARM.attributes
                0x0000017c       0x32 c:/Users/VAMercati/eclipse-workspace/mnist/build/stdio.o
 .ARM.attributes
                0x000001ae       0x32 c:/Users/VAMercati/eclipse-workspace/mnist/build/led.o
 .ARM.attributes
                0x000001e0       0x32 c:/Users/VAMercati/eclipse-workspace/mnist/build/pb.o
 .ARM.attributes
                0x00000212       0x32 c:/Users/VAMercati/eclipse-workspace/mnist/build/tft_ssd2119.o
 .ARM.attributes
                0x00000244       0x32 c:/Users/VAMercati/eclipse-workspace/mnist/build/tsc2046.o
 .ARM.attributes
                0x00000276       0x1b c:/Users/VAMercati/eclipse-workspace/mnist/build/startup_max78000.o
 .ARM.attributes
                0x00000291       0x32 c:/Users/VAMercati/eclipse-workspace/mnist/build/heap.o
 .ARM.attributes
                0x000002c3       0x32 c:/Users/VAMercati/eclipse-workspace/mnist/build/system_max78000.o
 .ARM.attributes
                0x000002f5       0x32 C:/MaximSDK/Libraries/PeriphDrivers/bin/MAX78000/softfp/libPeriphDriver_softfp.a(mxc_delay.o)
 .ARM.attributes
                0x00000327       0x32 C:/MaximSDK/Libraries/PeriphDrivers/bin/MAX78000/softfp/libPeriphDriver_softfp.a(nvic_table.o)
 .ARM.attributes
                0x00000359       0x32 C:/MaximSDK/Libraries/PeriphDrivers/bin/MAX78000/softfp/libPeriphDriver_softfp.a(pins_ai85.o)
 .ARM.attributes
                0x0000038b       0x32 C:/MaximSDK/Libraries/PeriphDrivers/bin/MAX78000/softfp/libPeriphDriver_softfp.a(sys_ai85.o)
 .ARM.attributes
                0x000003bd       0x32 C:/MaximSDK/Libraries/PeriphDrivers/bin/MAX78000/softfp/libPeriphDriver_softfp.a(gpio_ai85.o)
 .ARM.attributes
                0x000003ef       0x32 C:/MaximSDK/Libraries/PeriphDrivers/bin/MAX78000/softfp/libPeriphDriver_softfp.a(gpio_reva.o)
 .ARM.attributes
                0x00000421       0x32 C:/MaximSDK/Libraries/PeriphDrivers/bin/MAX78000/softfp/libPeriphDriver_softfp.a(icc_me17.o)
 .ARM.attributes
                0x00000453       0x32 C:/MaximSDK/Libraries/PeriphDrivers/bin/MAX78000/softfp/libPeriphDriver_softfp.a(icc_reva.o)
 .ARM.attributes
                0x00000485       0x32 C:/MaximSDK/Libraries/PeriphDrivers/bin/MAX78000/softfp/libPeriphDriver_softfp.a(tmr_ai85.o)
 .ARM.attributes
                0x000004b7       0x32 C:/MaximSDK/Libraries/PeriphDrivers/bin/MAX78000/softfp/libPeriphDriver_softfp.a(tmr_revb.o)
 .ARM.attributes
                0x000004e9       0x32 C:/MaximSDK/Libraries/PeriphDrivers/bin/MAX78000/softfp/libPeriphDriver_softfp.a(uart_ai85.o)
 .ARM.attributes
                0x0000051b       0x32 C:/MaximSDK/Libraries/PeriphDrivers/bin/MAX78000/softfp/libPeriphDriver_softfp.a(uart_common.o)
 .ARM.attributes
                0x0000054d       0x32 C:/MaximSDK/Libraries/PeriphDrivers/bin/MAX78000/softfp/libPeriphDriver_softfp.a(uart_revb.o)
 .ARM.attributes
                0x0000057f       0x32 C:/MaximSDK/Libraries/PeriphDrivers/bin/MAX78000/softfp/libPeriphDriver_softfp.a(gpio_common.o)
 .ARM.attributes
                0x000005b1       0x32 C:/MaximSDK/Libraries/PeriphDrivers/bin/MAX78000/softfp/libPeriphDriver_softfp.a(tmr_common.o)
 .ARM.attributes
                0x000005e3       0x32 c:/maximsdk/tools/gnutools/10.3/bin/../lib/gcc/arm-none-eabi/10.3.1/../../../../arm-none-eabi/lib/thumb/v7e-m+fp/softfp\libc.a(lib_a-errno.o)
 .ARM.attributes
                0x00000615       0x32 c:/maximsdk/tools/gnutools/10.3/bin/../lib/gcc/arm-none-eabi/10.3.1/../../../../arm-none-eabi/lib/thumb/v7e-m+fp/softfp\libc.a(lib_a-exit.o)
 .ARM.attributes